==881695== Memcheck, a memory error detector
==881695== Copyright (C) 2002-2017, and GNU GPL'd, by Julian Seward et al.
==881695== Using Valgrind-3.18.1 and LibVEX; rerun with -h for copyright info
==881695== Command: ./ft_shmup
==881695== Parent PID: 881691
==881695== 
==881695== 
==881695== HEAP SUMMARY:
==881695==     in use at exit: 409,493 bytes in 485 blocks
==881695==   total heap usage: 728 allocs, 243 frees, 674,022 bytes allocated
==881695== 
==881695== 9 bytes in 1 blocks are still reachable in loss record 1 of 91
==881695==    at 0x4848899: malloc (in /usr/libexec/valgrind/vgpreload_memcheck-amd64-linux.so)
==881695==    by 0x4CC358E: strdup (strdup.c:42)
==881695==    by 0x48C7D54: ??? (in /usr/lib/x86_64-linux-gnu/libtinfo.so.6.3)
==881695==    by 0x48CB098: _nc_tiparm (in /usr/lib/x86_64-linux-gnu/libtinfo.so.6.3)
==881695==    by 0x4894B8E: newterm_sp (in /usr/lib/x86_64-linux-gnu/libncursesw.so.6.3)
==881695==    by 0x48955EC: newterm (in /usr/lib/x86_64-linux-gnu/libncursesw.so.6.3)
==881695==    by 0x488D3AF: initscr (in /usr/lib/x86_64-linux-gnu/libncursesw.so.6.3)
==881695==    by 0x40AD3C: Render::Render() (in /home/francema/Desktop/ft_shmup/ft_shmup)
==881695==    by 0x40A619: Game::Game() (in /home/francema/Desktop/ft_shmup/ft_shmup)
==881695==    by 0x402714: main (in /home/francema/Desktop/ft_shmup/ft_shmup)
==881695== 
==881695== 9 bytes in 1 blocks are still reachable in loss record 2 of 91
==881695==    at 0x4848899: malloc (in /usr/libexec/valgrind/vgpreload_memcheck-amd64-linux.so)
==881695==    by 0x4CC358E: strdup (strdup.c:42)
==881695==    by 0x48C7D54: ??? (in /usr/lib/x86_64-linux-gnu/libtinfo.so.6.3)
==881695==    by 0x48CB098: _nc_tiparm (in /usr/lib/x86_64-linux-gnu/libtinfo.so.6.3)
==881695==    by 0x4894BC9: newterm_sp (in /usr/lib/x86_64-linux-gnu/libncursesw.so.6.3)
==881695==    by 0x48955EC: newterm (in /usr/lib/x86_64-linux-gnu/libncursesw.so.6.3)
==881695==    by 0x488D3AF: initscr (in /usr/lib/x86_64-linux-gnu/libncursesw.so.6.3)
==881695==    by 0x40AD3C: Render::Render() (in /home/francema/Desktop/ft_shmup/ft_shmup)
==881695==    by 0x40A619: Game::Game() (in /home/francema/Desktop/ft_shmup/ft_shmup)
==881695==    by 0x402714: main (in /home/francema/Desktop/ft_shmup/ft_shmup)
==881695== 
==881695== 9 bytes in 1 blocks are still reachable in loss record 3 of 91
==881695==    at 0x4848899: malloc (in /usr/libexec/valgrind/vgpreload_memcheck-amd64-linux.so)
==881695==    by 0x4CC358E: strdup (strdup.c:42)
==881695==    by 0x48C7D54: ??? (in /usr/lib/x86_64-linux-gnu/libtinfo.so.6.3)
==881695==    by 0x48CB098: _nc_tiparm (in /usr/lib/x86_64-linux-gnu/libtinfo.so.6.3)
==881695==    by 0x4894C04: newterm_sp (in /usr/lib/x86_64-linux-gnu/libncursesw.so.6.3)
==881695==    by 0x48955EC: newterm (in /usr/lib/x86_64-linux-gnu/libncursesw.so.6.3)
==881695==    by 0x488D3AF: initscr (in /usr/lib/x86_64-linux-gnu/libncursesw.so.6.3)
==881695==    by 0x40AD3C: Render::Render() (in /home/francema/Desktop/ft_shmup/ft_shmup)
==881695==    by 0x40A619: Game::Game() (in /home/francema/Desktop/ft_shmup/ft_shmup)
==881695==    by 0x402714: main (in /home/francema/Desktop/ft_shmup/ft_shmup)
==881695== 
==881695== 9 bytes in 1 blocks are still reachable in loss record 4 of 91
==881695==    at 0x4848899: malloc (in /usr/libexec/valgrind/vgpreload_memcheck-amd64-linux.so)
==881695==    by 0x4CC358E: strdup (strdup.c:42)
==881695==    by 0x48C7D54: ??? (in /usr/lib/x86_64-linux-gnu/libtinfo.so.6.3)
==881695==    by 0x48CB098: _nc_tiparm (in /usr/lib/x86_64-linux-gnu/libtinfo.so.6.3)
==881695==    by 0x4894DBF: newterm_sp (in /usr/lib/x86_64-linux-gnu/libncursesw.so.6.3)
==881695==    by 0x48955EC: newterm (in /usr/lib/x86_64-linux-gnu/libncursesw.so.6.3)
==881695==    by 0x488D3AF: initscr (in /usr/lib/x86_64-linux-gnu/libncursesw.so.6.3)
==881695==    by 0x40AD3C: Render::Render() (in /home/francema/Desktop/ft_shmup/ft_shmup)
==881695==    by 0x40A619: Game::Game() (in /home/francema/Desktop/ft_shmup/ft_shmup)
==881695==    by 0x402714: main (in /home/francema/Desktop/ft_shmup/ft_shmup)
==881695== 
==881695== 9 bytes in 1 blocks are still reachable in loss record 5 of 91
==881695==    at 0x4848899: malloc (in /usr/libexec/valgrind/vgpreload_memcheck-amd64-linux.so)
==881695==    by 0x4CC358E: strdup (strdup.c:42)
==881695==    by 0x48C7D54: ??? (in /usr/lib/x86_64-linux-gnu/libtinfo.so.6.3)
==881695==    by 0x48CB098: _nc_tiparm (in /usr/lib/x86_64-linux-gnu/libtinfo.so.6.3)
==881695==    by 0x4894E10: newterm_sp (in /usr/lib/x86_64-linux-gnu/libncursesw.so.6.3)
==881695==    by 0x48955EC: newterm (in /usr/lib/x86_64-linux-gnu/libncursesw.so.6.3)
==881695==    by 0x488D3AF: initscr (in /usr/lib/x86_64-linux-gnu/libncursesw.so.6.3)
==881695==    by 0x40AD3C: Render::Render() (in /home/francema/Desktop/ft_shmup/ft_shmup)
==881695==    by 0x40A619: Game::Game() (in /home/francema/Desktop/ft_shmup/ft_shmup)
==881695==    by 0x402714: main (in /home/francema/Desktop/ft_shmup/ft_shmup)
==881695== 
==881695== 9 bytes in 1 blocks are still reachable in loss record 6 of 91
==881695==    at 0x4848899: malloc (in /usr/libexec/valgrind/vgpreload_memcheck-amd64-linux.so)
==881695==    by 0x4CC358E: strdup (strdup.c:42)
==881695==    by 0x48C7D54: ??? (in /usr/lib/x86_64-linux-gnu/libtinfo.so.6.3)
==881695==    by 0x48CB098: _nc_tiparm (in /usr/lib/x86_64-linux-gnu/libtinfo.so.6.3)
==881695==    by 0x4894E61: newterm_sp (in /usr/lib/x86_64-linux-gnu/libncursesw.so.6.3)
==881695==    by 0x48955EC: newterm (in /usr/lib/x86_64-linux-gnu/libncursesw.so.6.3)
==881695==    by 0x488D3AF: initscr (in /usr/lib/x86_64-linux-gnu/libncursesw.so.6.3)
==881695==    by 0x40AD3C: Render::Render() (in /home/francema/Desktop/ft_shmup/ft_shmup)
==881695==    by 0x40A619: Game::Game() (in /home/francema/Desktop/ft_shmup/ft_shmup)
==881695==    by 0x402714: main (in /home/francema/Desktop/ft_shmup/ft_shmup)
==881695== 
==881695== 9 bytes in 1 blocks are possibly lost in loss record 7 of 91
==881695==    at 0x4848899: malloc (in /usr/libexec/valgrind/vgpreload_memcheck-amd64-linux.so)
==881695==    by 0x4CC358E: strdup (strdup.c:42)
==881695==    by 0x48C7D54: ??? (in /usr/lib/x86_64-linux-gnu/libtinfo.so.6.3)
==881695==    by 0x48CB098: _nc_tiparm (in /usr/lib/x86_64-linux-gnu/libtinfo.so.6.3)
==881695==    by 0x4894B53: newterm_sp (in /usr/lib/x86_64-linux-gnu/libncursesw.so.6.3)
==881695==    by 0x48955EC: newterm (in /usr/lib/x86_64-linux-gnu/libncursesw.so.6.3)
==881695==    by 0x488D3AF: initscr (in /usr/lib/x86_64-linux-gnu/libncursesw.so.6.3)
==881695==    by 0x40AD3C: Render::Render() (in /home/francema/Desktop/ft_shmup/ft_shmup)
==881695==    by 0x40A619: Game::Game() (in /home/francema/Desktop/ft_shmup/ft_shmup)
==881695==    by 0x402714: main (in /home/francema/Desktop/ft_shmup/ft_shmup)
==881695== 
==881695== 11 bytes in 1 blocks are still reachable in loss record 8 of 91
==881695==    at 0x4848899: malloc (in /usr/libexec/valgrind/vgpreload_memcheck-amd64-linux.so)
==881695==    by 0x4CC358E: strdup (strdup.c:42)
==881695==    by 0x48C7D54: ??? (in /usr/lib/x86_64-linux-gnu/libtinfo.so.6.3)
==881695==    by 0x48CB098: _nc_tiparm (in /usr/lib/x86_64-linux-gnu/libtinfo.so.6.3)
==881695==    by 0x4894C3C: newterm_sp (in /usr/lib/x86_64-linux-gnu/libncursesw.so.6.3)
==881695==    by 0x48955EC: newterm (in /usr/lib/x86_64-linux-gnu/libncursesw.so.6.3)
==881695==    by 0x488D3AF: initscr (in /usr/lib/x86_64-linux-gnu/libncursesw.so.6.3)
==881695==    by 0x40AD3C: Render::Render() (in /home/francema/Desktop/ft_shmup/ft_shmup)
==881695==    by 0x40A619: Game::Game() (in /home/francema/Desktop/ft_shmup/ft_shmup)
==881695==    by 0x402714: main (in /home/francema/Desktop/ft_shmup/ft_shmup)
==881695== 
==881695== 11 bytes in 1 blocks are still reachable in loss record 9 of 91
==881695==    at 0x4848899: malloc (in /usr/libexec/valgrind/vgpreload_memcheck-amd64-linux.so)
==881695==    by 0x4CC358E: strdup (strdup.c:42)
==881695==    by 0x48C7D54: ??? (in /usr/lib/x86_64-linux-gnu/libtinfo.so.6.3)
==881695==    by 0x48CB098: _nc_tiparm (in /usr/lib/x86_64-linux-gnu/libtinfo.so.6.3)
==881695==    by 0x4894C77: newterm_sp (in /usr/lib/x86_64-linux-gnu/libncursesw.so.6.3)
==881695==    by 0x48955EC: newterm (in /usr/lib/x86_64-linux-gnu/libncursesw.so.6.3)
==881695==    by 0x488D3AF: initscr (in /usr/lib/x86_64-linux-gnu/libncursesw.so.6.3)
==881695==    by 0x40AD3C: Render::Render() (in /home/francema/Desktop/ft_shmup/ft_shmup)
==881695==    by 0x40A619: Game::Game() (in /home/francema/Desktop/ft_shmup/ft_shmup)
==881695==    by 0x402714: main (in /home/francema/Desktop/ft_shmup/ft_shmup)
==881695== 
==881695== 15 bytes in 1 blocks are still reachable in loss record 10 of 91
==881695==    at 0x4848899: malloc (in /usr/libexec/valgrind/vgpreload_memcheck-amd64-linux.so)
==881695==    by 0x4CC358E: strdup (strdup.c:42)
==881695==    by 0x48C3377: ??? (in /usr/lib/x86_64-linux-gnu/libtinfo.so.6.3)
==881695==    by 0x48C5BF8: _nc_first_db (in /usr/lib/x86_64-linux-gnu/libtinfo.so.6.3)
==881695==    by 0x48CF696: _nc_read_entry2 (in /usr/lib/x86_64-linux-gnu/libtinfo.so.6.3)
==881695==    by 0x48CF711: ??? (in /usr/lib/x86_64-linux-gnu/libtinfo.so.6.3)
==881695==    by 0x48CF866: _nc_setupterm (in /usr/lib/x86_64-linux-gnu/libtinfo.so.6.3)
==881695==    by 0x4894102: newterm_sp (in /usr/lib/x86_64-linux-gnu/libncursesw.so.6.3)
==881695==    by 0x48955EC: newterm (in /usr/lib/x86_64-linux-gnu/libncursesw.so.6.3)
==881695==    by 0x488D3AF: initscr (in /usr/lib/x86_64-linux-gnu/libncursesw.so.6.3)
==881695==    by 0x40AD3C: Render::Render() (in /home/francema/Desktop/ft_shmup/ft_shmup)
==881695==    by 0x40A619: Game::Game() (in /home/francema/Desktop/ft_shmup/ft_shmup)
==881695== 
==881695== 15 bytes in 1 blocks are still reachable in loss record 11 of 91
==881695==    at 0x4848899: malloc (in /usr/libexec/valgrind/vgpreload_memcheck-amd64-linux.so)
==881695==    by 0x4CC358E: strdup (strdup.c:42)
==881695==    by 0x48CF8AE: _nc_setupterm (in /usr/lib/x86_64-linux-gnu/libtinfo.so.6.3)
==881695==    by 0x4894102: newterm_sp (in /usr/lib/x86_64-linux-gnu/libncursesw.so.6.3)
==881695==    by 0x48955EC: newterm (in /usr/lib/x86_64-linux-gnu/libncursesw.so.6.3)
==881695==    by 0x488D3AF: initscr (in /usr/lib/x86_64-linux-gnu/libncursesw.so.6.3)
==881695==    by 0x40AD3C: Render::Render() (in /home/francema/Desktop/ft_shmup/ft_shmup)
==881695==    by 0x40A619: Game::Game() (in /home/francema/Desktop/ft_shmup/ft_shmup)
==881695==    by 0x402714: main (in /home/francema/Desktop/ft_shmup/ft_shmup)
==881695== 
==881695== 17 bytes in 1 blocks are still reachable in loss record 12 of 91
==881695==    at 0x4848899: malloc (in /usr/libexec/valgrind/vgpreload_memcheck-amd64-linux.so)
==881695==    by 0x4CC358E: strdup (strdup.c:42)
==881695==    by 0x48C7D54: ??? (in /usr/lib/x86_64-linux-gnu/libtinfo.so.6.3)
==881695==    by 0x48CB098: _nc_tiparm (in /usr/lib/x86_64-linux-gnu/libtinfo.so.6.3)
==881695==    by 0x4894B18: newterm_sp (in /usr/lib/x86_64-linux-gnu/libncursesw.so.6.3)
==881695==    by 0x48955EC: newterm (in /usr/lib/x86_64-linux-gnu/libncursesw.so.6.3)
==881695==    by 0x488D3AF: initscr (in /usr/lib/x86_64-linux-gnu/libncursesw.so.6.3)
==881695==    by 0x40AD3C: Render::Render() (in /home/francema/Desktop/ft_shmup/ft_shmup)
==881695==    by 0x40A619: Game::Game() (in /home/francema/Desktop/ft_shmup/ft_shmup)
==881695==    by 0x402714: main (in /home/francema/Desktop/ft_shmup/ft_shmup)
==881695== 
==881695== 17 bytes in 1 blocks are still reachable in loss record 13 of 91
==881695==    at 0x4848899: malloc (in /usr/libexec/valgrind/vgpreload_memcheck-amd64-linux.so)
==881695==    by 0x4CC358E: strdup (strdup.c:42)
==881695==    by 0x48C7D54: ??? (in /usr/lib/x86_64-linux-gnu/libtinfo.so.6.3)
==881695==    by 0x48CB098: _nc_tiparm (in /usr/lib/x86_64-linux-gnu/libtinfo.so.6.3)
==881695==    by 0x488F516: ??? (in /usr/lib/x86_64-linux-gnu/libncursesw.so.6.3)
==881695==    by 0x489503D: newterm_sp (in /usr/lib/x86_64-linux-gnu/libncursesw.so.6.3)
==881695==    by 0x48955EC: newterm (in /usr/lib/x86_64-linux-gnu/libncursesw.so.6.3)
==881695==    by 0x488D3AF: initscr (in /usr/lib/x86_64-linux-gnu/libncursesw.so.6.3)
==881695==    by 0x40AD3C: Render::Render() (in /home/francema/Desktop/ft_shmup/ft_shmup)
==881695==    by 0x40A619: Game::Game() (in /home/francema/Desktop/ft_shmup/ft_shmup)
==881695==    by 0x402714: main (in /home/francema/Desktop/ft_shmup/ft_shmup)
==881695== 
==881695== 20 bytes in 1 blocks are still reachable in loss record 14 of 91
==881695==    at 0x4848899: malloc (in /usr/libexec/valgrind/vgpreload_memcheck-amd64-linux.so)
==881695==    by 0x4CC358E: strdup (strdup.c:42)
==881695==    by 0x48C7D54: ??? (in /usr/lib/x86_64-linux-gnu/libtinfo.so.6.3)
==881695==    by 0x48CB098: _nc_tiparm (in /usr/lib/x86_64-linux-gnu/libtinfo.so.6.3)
==881695==    by 0x4894EB7: newterm_sp (in /usr/lib/x86_64-linux-gnu/libncursesw.so.6.3)
==881695==    by 0x48955EC: newterm (in /usr/lib/x86_64-linux-gnu/libncursesw.so.6.3)
==881695==    by 0x488D3AF: initscr (in /usr/lib/x86_64-linux-gnu/libncursesw.so.6.3)
==881695==    by 0x40AD3C: Render::Render() (in /home/francema/Desktop/ft_shmup/ft_shmup)
==881695==    by 0x40A619: Game::Game() (in /home/francema/Desktop/ft_shmup/ft_shmup)
==881695==    by 0x402714: main (in /home/francema/Desktop/ft_shmup/ft_shmup)
==881695== 
==881695== 24 bytes in 1 blocks are still reachable in loss record 15 of 91
==881695==    at 0x4848899: malloc (in /usr/libexec/valgrind/vgpreload_memcheck-amd64-linux.so)
==881695==    by 0x4D3AFB4: tsearch (tsearch.c:337)
==881695==    by 0x48C7D6E: ??? (in /usr/lib/x86_64-linux-gnu/libtinfo.so.6.3)
==881695==    by 0x48CB098: _nc_tiparm (in /usr/lib/x86_64-linux-gnu/libtinfo.so.6.3)
==881695==    by 0x4894B18: newterm_sp (in /usr/lib/x86_64-linux-gnu/libncursesw.so.6.3)
==881695==    by 0x48955EC: newterm (in /usr/lib/x86_64-linux-gnu/libncursesw.so.6.3)
==881695==    by 0x488D3AF: initscr (in /usr/lib/x86_64-linux-gnu/libncursesw.so.6.3)
==881695==    by 0x40AD3C: Render::Render() (in /home/francema/Desktop/ft_shmup/ft_shmup)
==881695==    by 0x40A619: Game::Game() (in /home/francema/Desktop/ft_shmup/ft_shmup)
==881695==    by 0x402714: main (in /home/francema/Desktop/ft_shmup/ft_shmup)
==881695== 
==881695== 24 bytes in 1 blocks are still reachable in loss record 16 of 91
==881695==    at 0x4848899: malloc (in /usr/libexec/valgrind/vgpreload_memcheck-amd64-linux.so)
==881695==    by 0x4D3B01E: tsearch (tsearch.c:337)
==881695==    by 0x48C7D6E: ??? (in /usr/lib/x86_64-linux-gnu/libtinfo.so.6.3)
==881695==    by 0x48CB098: _nc_tiparm (in /usr/lib/x86_64-linux-gnu/libtinfo.so.6.3)
==881695==    by 0x4894B8E: newterm_sp (in /usr/lib/x86_64-linux-gnu/libncursesw.so.6.3)
==881695==    by 0x48955EC: newterm (in /usr/lib/x86_64-linux-gnu/libncursesw.so.6.3)
==881695==    by 0x488D3AF: initscr (in /usr/lib/x86_64-linux-gnu/libncursesw.so.6.3)
==881695==    by 0x40AD3C: Render::Render() (in /home/francema/Desktop/ft_shmup/ft_shmup)
==881695==    by 0x40A619: Game::Game() (in /home/francema/Desktop/ft_shmup/ft_shmup)
==881695==    by 0x402714: main (in /home/francema/Desktop/ft_shmup/ft_shmup)
==881695== 
==881695== 24 bytes in 1 blocks are still reachable in loss record 17 of 91
==881695==    at 0x4848899: malloc (in /usr/libexec/valgrind/vgpreload_memcheck-amd64-linux.so)
==881695==    by 0x4D3B01E: tsearch (tsearch.c:337)
==881695==    by 0x48C7D6E: ??? (in /usr/lib/x86_64-linux-gnu/libtinfo.so.6.3)
==881695==    by 0x48CB098: _nc_tiparm (in /usr/lib/x86_64-linux-gnu/libtinfo.so.6.3)
==881695==    by 0x4894BC9: newterm_sp (in /usr/lib/x86_64-linux-gnu/libncursesw.so.6.3)
==881695==    by 0x48955EC: newterm (in /usr/lib/x86_64-linux-gnu/libncursesw.so.6.3)
==881695==    by 0x488D3AF: initscr (in /usr/lib/x86_64-linux-gnu/libncursesw.so.6.3)
==881695==    by 0x40AD3C: Render::Render() (in /home/francema/Desktop/ft_shmup/ft_shmup)
==881695==    by 0x40A619: Game::Game() (in /home/francema/Desktop/ft_shmup/ft_shmup)
==881695==    by 0x402714: main (in /home/francema/Desktop/ft_shmup/ft_shmup)
==881695== 
==881695== 24 bytes in 1 blocks are still reachable in loss record 18 of 91
==881695==    at 0x4848899: malloc (in /usr/libexec/valgrind/vgpreload_memcheck-amd64-linux.so)
==881695==    by 0x4D3B01E: tsearch (tsearch.c:337)
==881695==    by 0x48C7D6E: ??? (in /usr/lib/x86_64-linux-gnu/libtinfo.so.6.3)
==881695==    by 0x48CB098: _nc_tiparm (in /usr/lib/x86_64-linux-gnu/libtinfo.so.6.3)
==881695==    by 0x4894C04: newterm_sp (in /usr/lib/x86_64-linux-gnu/libncursesw.so.6.3)
==881695==    by 0x48955EC: newterm (in /usr/lib/x86_64-linux-gnu/libncursesw.so.6.3)
==881695==    by 0x488D3AF: initscr (in /usr/lib/x86_64-linux-gnu/libncursesw.so.6.3)
==881695==    by 0x40AD3C: Render::Render() (in /home/francema/Desktop/ft_shmup/ft_shmup)
==881695==    by 0x40A619: Game::Game() (in /home/francema/Desktop/ft_shmup/ft_shmup)
==881695==    by 0x402714: main (in /home/francema/Desktop/ft_shmup/ft_shmup)
==881695== 
==881695== 24 bytes in 1 blocks are still reachable in loss record 19 of 91
==881695==    at 0x4848899: malloc (in /usr/libexec/valgrind/vgpreload_memcheck-amd64-linux.so)
==881695==    by 0x4D3B01E: tsearch (tsearch.c:337)
==881695==    by 0x48C7D6E: ??? (in /usr/lib/x86_64-linux-gnu/libtinfo.so.6.3)
==881695==    by 0x48CB098: _nc_tiparm (in /usr/lib/x86_64-linux-gnu/libtinfo.so.6.3)
==881695==    by 0x4894C3C: newterm_sp (in /usr/lib/x86_64-linux-gnu/libncursesw.so.6.3)
==881695==    by 0x48955EC: newterm (in /usr/lib/x86_64-linux-gnu/libncursesw.so.6.3)
==881695==    by 0x488D3AF: initscr (in /usr/lib/x86_64-linux-gnu/libncursesw.so.6.3)
==881695==    by 0x40AD3C: Render::Render() (in /home/francema/Desktop/ft_shmup/ft_shmup)
==881695==    by 0x40A619: Game::Game() (in /home/francema/Desktop/ft_shmup/ft_shmup)
==881695==    by 0x402714: main (in /home/francema/Desktop/ft_shmup/ft_shmup)
==881695== 
==881695== 24 bytes in 1 blocks are still reachable in loss record 20 of 91
==881695==    at 0x4848899: malloc (in /usr/libexec/valgrind/vgpreload_memcheck-amd64-linux.so)
==881695==    by 0x4D3B01E: tsearch (tsearch.c:337)
==881695==    by 0x48C7D6E: ??? (in /usr/lib/x86_64-linux-gnu/libtinfo.so.6.3)
==881695==    by 0x48CB098: _nc_tiparm (in /usr/lib/x86_64-linux-gnu/libtinfo.so.6.3)
==881695==    by 0x4894C77: newterm_sp (in /usr/lib/x86_64-linux-gnu/libncursesw.so.6.3)
==881695==    by 0x48955EC: newterm (in /usr/lib/x86_64-linux-gnu/libncursesw.so.6.3)
==881695==    by 0x488D3AF: initscr (in /usr/lib/x86_64-linux-gnu/libncursesw.so.6.3)
==881695==    by 0x40AD3C: Render::Render() (in /home/francema/Desktop/ft_shmup/ft_shmup)
==881695==    by 0x40A619: Game::Game() (in /home/francema/Desktop/ft_shmup/ft_shmup)
==881695==    by 0x402714: main (in /home/francema/Desktop/ft_shmup/ft_shmup)
==881695== 
==881695== 24 bytes in 1 blocks are still reachable in loss record 21 of 91
==881695==    at 0x4848899: malloc (in /usr/libexec/valgrind/vgpreload_memcheck-amd64-linux.so)
==881695==    by 0x4D3B01E: tsearch (tsearch.c:337)
==881695==    by 0x48C7D6E: ??? (in /usr/lib/x86_64-linux-gnu/libtinfo.so.6.3)
==881695==    by 0x48CB098: _nc_tiparm (in /usr/lib/x86_64-linux-gnu/libtinfo.so.6.3)
==881695==    by 0x4894DBF: newterm_sp (in /usr/lib/x86_64-linux-gnu/libncursesw.so.6.3)
==881695==    by 0x48955EC: newterm (in /usr/lib/x86_64-linux-gnu/libncursesw.so.6.3)
==881695==    by 0x488D3AF: initscr (in /usr/lib/x86_64-linux-gnu/libncursesw.so.6.3)
==881695==    by 0x40AD3C: Render::Render() (in /home/francema/Desktop/ft_shmup/ft_shmup)
==881695==    by 0x40A619: Game::Game() (in /home/francema/Desktop/ft_shmup/ft_shmup)
==881695==    by 0x402714: main (in /home/francema/Desktop/ft_shmup/ft_shmup)
==881695== 
==881695== 24 bytes in 1 blocks are still reachable in loss record 22 of 91
==881695==    at 0x4848899: malloc (in /usr/libexec/valgrind/vgpreload_memcheck-amd64-linux.so)
==881695==    by 0x4D3B01E: tsearch (tsearch.c:337)
==881695==    by 0x48C7D6E: ??? (in /usr/lib/x86_64-linux-gnu/libtinfo.so.6.3)
==881695==    by 0x48CB098: _nc_tiparm (in /usr/lib/x86_64-linux-gnu/libtinfo.so.6.3)
==881695==    by 0x4894E10: newterm_sp (in /usr/lib/x86_64-linux-gnu/libncursesw.so.6.3)
==881695==    by 0x48955EC: newterm (in /usr/lib/x86_64-linux-gnu/libncursesw.so.6.3)
==881695==    by 0x488D3AF: initscr (in /usr/lib/x86_64-linux-gnu/libncursesw.so.6.3)
==881695==    by 0x40AD3C: Render::Render() (in /home/francema/Desktop/ft_shmup/ft_shmup)
==881695==    by 0x40A619: Game::Game() (in /home/francema/Desktop/ft_shmup/ft_shmup)
==881695==    by 0x402714: main (in /home/francema/Desktop/ft_shmup/ft_shmup)
==881695== 
==881695== 24 bytes in 1 blocks are still reachable in loss record 23 of 91
==881695==    at 0x4848899: malloc (in /usr/libexec/valgrind/vgpreload_memcheck-amd64-linux.so)
==881695==    by 0x4D3B01E: tsearch (tsearch.c:337)
==881695==    by 0x48C7D6E: ??? (in /usr/lib/x86_64-linux-gnu/libtinfo.so.6.3)
==881695==    by 0x48CB098: _nc_tiparm (in /usr/lib/x86_64-linux-gnu/libtinfo.so.6.3)
==881695==    by 0x4894E61: newterm_sp (in /usr/lib/x86_64-linux-gnu/libncursesw.so.6.3)
==881695==    by 0x48955EC: newterm (in /usr/lib/x86_64-linux-gnu/libncursesw.so.6.3)
==881695==    by 0x488D3AF: initscr (in /usr/lib/x86_64-linux-gnu/libncursesw.so.6.3)
==881695==    by 0x40AD3C: Render::Render() (in /home/francema/Desktop/ft_shmup/ft_shmup)
==881695==    by 0x40A619: Game::Game() (in /home/francema/Desktop/ft_shmup/ft_shmup)
==881695==    by 0x402714: main (in /home/francema/Desktop/ft_shmup/ft_shmup)
==881695== 
==881695== 24 bytes in 1 blocks are still reachable in loss record 24 of 91
==881695==    at 0x4848899: malloc (in /usr/libexec/valgrind/vgpreload_memcheck-amd64-linux.so)
==881695==    by 0x4D3B01E: tsearch (tsearch.c:337)
==881695==    by 0x48C7D6E: ??? (in /usr/lib/x86_64-linux-gnu/libtinfo.so.6.3)
==881695==    by 0x48CB098: _nc_tiparm (in /usr/lib/x86_64-linux-gnu/libtinfo.so.6.3)
==881695==    by 0x4894EB7: newterm_sp (in /usr/lib/x86_64-linux-gnu/libncursesw.so.6.3)
==881695==    by 0x48955EC: newterm (in /usr/lib/x86_64-linux-gnu/libncursesw.so.6.3)
==881695==    by 0x488D3AF: initscr (in /usr/lib/x86_64-linux-gnu/libncursesw.so.6.3)
==881695==    by 0x40AD3C: Render::Render() (in /home/francema/Desktop/ft_shmup/ft_shmup)
==881695==    by 0x40A619: Game::Game() (in /home/francema/Desktop/ft_shmup/ft_shmup)
==881695==    by 0x402714: main (in /home/francema/Desktop/ft_shmup/ft_shmup)
==881695== 
==881695== 24 bytes in 1 blocks are still reachable in loss record 25 of 91
==881695==    at 0x4848899: malloc (in /usr/libexec/valgrind/vgpreload_memcheck-amd64-linux.so)
==881695==    by 0x4D3B01E: tsearch (tsearch.c:337)
==881695==    by 0x48C7D6E: ??? (in /usr/lib/x86_64-linux-gnu/libtinfo.so.6.3)
==881695==    by 0x48CB098: _nc_tiparm (in /usr/lib/x86_64-linux-gnu/libtinfo.so.6.3)
==881695==    by 0x488F516: ??? (in /usr/lib/x86_64-linux-gnu/libncursesw.so.6.3)
==881695==    by 0x489503D: newterm_sp (in /usr/lib/x86_64-linux-gnu/libncursesw.so.6.3)
==881695==    by 0x48955EC: newterm (in /usr/lib/x86_64-linux-gnu/libncursesw.so.6.3)
==881695==    by 0x488D3AF: initscr (in /usr/lib/x86_64-linux-gnu/libncursesw.so.6.3)
==881695==    by 0x40AD3C: Render::Render() (in /home/francema/Desktop/ft_shmup/ft_shmup)
==881695==    by 0x40A619: Game::Game() (in /home/francema/Desktop/ft_shmup/ft_shmup)
==881695==    by 0x402714: main (in /home/francema/Desktop/ft_shmup/ft_shmup)
==881695== 
==881695== 24 bytes in 1 blocks are still reachable in loss record 26 of 91
==881695==    at 0x484DA83: calloc (in /usr/libexec/valgrind/vgpreload_memcheck-amd64-linux.so)
==881695==    by 0x48C39C9: _nc_add_to_try (in /usr/lib/x86_64-linux-gnu/libtinfo.so.6.3)
==881695==    by 0x48D0212: _nc_keypad (in /usr/lib/x86_64-linux-gnu/libtinfo.so.6.3)
==881695==    by 0x40AD62: Render::Render() (in /home/francema/Desktop/ft_shmup/ft_shmup)
==881695==    by 0x40A619: Game::Game() (in /home/francema/Desktop/ft_shmup/ft_shmup)
==881695==    by 0x402714: main (in /home/francema/Desktop/ft_shmup/ft_shmup)
==881695== 
==881695== 24 bytes in 1 blocks are still reachable in loss record 27 of 91
==881695==    at 0x4848899: malloc (in /usr/libexec/valgrind/vgpreload_memcheck-amd64-linux.so)
==881695==    by 0x4D3AFB4: tsearch (tsearch.c:337)
==881695==    by 0x48846C8: ??? (in /usr/lib/x86_64-linux-gnu/libncursesw.so.6.3)
==881695==    by 0x40AE13: Render::Render() (in /home/francema/Desktop/ft_shmup/ft_shmup)
==881695==    by 0x40A619: Game::Game() (in /home/francema/Desktop/ft_shmup/ft_shmup)
==881695==    by 0x402714: main (in /home/francema/Desktop/ft_shmup/ft_shmup)
==881695== 
==881695== 24 bytes in 1 blocks are still reachable in loss record 28 of 91
==881695==    at 0x4848899: malloc (in /usr/libexec/valgrind/vgpreload_memcheck-amd64-linux.so)
==881695==    by 0x4D3B01E: tsearch (tsearch.c:337)
==881695==    by 0x48846C8: ??? (in /usr/lib/x86_64-linux-gnu/libncursesw.so.6.3)
==881695==    by 0x40AE24: Render::Render() (in /home/francema/Desktop/ft_shmup/ft_shmup)
==881695==    by 0x40A619: Game::Game() (in /home/francema/Desktop/ft_shmup/ft_shmup)
==881695==    by 0x402714: main (in /home/francema/Desktop/ft_shmup/ft_shmup)
==881695== 
==881695== 24 bytes in 1 blocks are still reachable in loss record 29 of 91
==881695==    at 0x4848899: malloc (in /usr/libexec/valgrind/vgpreload_memcheck-amd64-linux.so)
==881695==    by 0x4D3B01E: tsearch (tsearch.c:337)
==881695==    by 0x48846C8: ??? (in /usr/lib/x86_64-linux-gnu/libncursesw.so.6.3)
==881695==    by 0x40AE43: Render::Render() (in /home/francema/Desktop/ft_shmup/ft_shmup)
==881695==    by 0x40A619: Game::Game() (in /home/francema/Desktop/ft_shmup/ft_shmup)
==881695==    by 0x402714: main (in /home/francema/Desktop/ft_shmup/ft_shmup)
==881695== 
==881695== 24 bytes in 1 blocks are still reachable in loss record 30 of 91
==881695==    at 0x4848899: malloc (in /usr/libexec/valgrind/vgpreload_memcheck-amd64-linux.so)
==881695==    by 0x4D3B01E: tsearch (tsearch.c:337)
==881695==    by 0x48846C8: ??? (in /usr/lib/x86_64-linux-gnu/libncursesw.so.6.3)
==881695==    by 0x40AE51: Render::Render() (in /home/francema/Desktop/ft_shmup/ft_shmup)
==881695==    by 0x40A619: Game::Game() (in /home/francema/Desktop/ft_shmup/ft_shmup)
==881695==    by 0x402714: main (in /home/francema/Desktop/ft_shmup/ft_shmup)
==881695== 
==881695== 24 bytes in 1 blocks are still reachable in loss record 31 of 91
==881695==    at 0x4848899: malloc (in /usr/libexec/valgrind/vgpreload_memcheck-amd64-linux.so)
==881695==    by 0x4D3B01E: tsearch (tsearch.c:337)
==881695==    by 0x48C7D6E: ??? (in /usr/lib/x86_64-linux-gnu/libtinfo.so.6.3)
==881695==    by 0x48CB098: _nc_tiparm (in /usr/lib/x86_64-linux-gnu/libtinfo.so.6.3)
==881695==    by 0x489904C: vid_puts_sp (in /usr/lib/x86_64-linux-gnu/libncursesw.so.6.3)
==881695==    by 0x489D59A: ??? (in /usr/lib/x86_64-linux-gnu/libncursesw.so.6.3)
==881695==    by 0x48A0906: ??? (in /usr/lib/x86_64-linux-gnu/libncursesw.so.6.3)
==881695==    by 0x48A1585: doupdate_sp (in /usr/lib/x86_64-linux-gnu/libncursesw.so.6.3)
==881695==    by 0x48956D7: wrefresh (in /usr/lib/x86_64-linux-gnu/libncursesw.so.6.3)
==881695==    by 0x488C867: ??? (in /usr/lib/x86_64-linux-gnu/libncursesw.so.6.3)
==881695==    by 0x488D28A: wgetch (in /usr/lib/x86_64-linux-gnu/libncursesw.so.6.3)
==881695==    by 0x40AC30: InputHandler::read() (in /home/francema/Desktop/ft_shmup/ft_shmup)
==881695== 
==881695== 24 bytes in 1 blocks are possibly lost in loss record 32 of 91
==881695==    at 0x4848899: malloc (in /usr/libexec/valgrind/vgpreload_memcheck-amd64-linux.so)
==881695==    by 0x4D3B01E: tsearch (tsearch.c:337)
==881695==    by 0x48C7D6E: ??? (in /usr/lib/x86_64-linux-gnu/libtinfo.so.6.3)
==881695==    by 0x48CB098: _nc_tiparm (in /usr/lib/x86_64-linux-gnu/libtinfo.so.6.3)
==881695==    by 0x4894B53: newterm_sp (in /usr/lib/x86_64-linux-gnu/libncursesw.so.6.3)
==881695==    by 0x48955EC: newterm (in /usr/lib/x86_64-linux-gnu/libncursesw.so.6.3)
==881695==    by 0x488D3AF: initscr (in /usr/lib/x86_64-linux-gnu/libncursesw.so.6.3)
==881695==    by 0x40AD3C: Render::Render() (in /home/francema/Desktop/ft_shmup/ft_shmup)
==881695==    by 0x40A619: Game::Game() (in /home/francema/Desktop/ft_shmup/ft_shmup)
==881695==    by 0x402714: main (in /home/francema/Desktop/ft_shmup/ft_shmup)
==881695== 
==881695== 24 bytes in 1 blocks are possibly lost in loss record 33 of 91
==881695==    at 0x4848899: malloc (in /usr/libexec/valgrind/vgpreload_memcheck-amd64-linux.so)
==881695==    by 0x4D3B01E: tsearch (tsearch.c:337)
==881695==    by 0x48846C8: ??? (in /usr/lib/x86_64-linux-gnu/libncursesw.so.6.3)
==881695==    by 0x40AE32: Render::Render() (in /home/francema/Desktop/ft_shmup/ft_shmup)
==881695==    by 0x40A619: Game::Game() (in /home/francema/Desktop/ft_shmup/ft_shmup)
==881695==    by 0x402714: main (in /home/francema/Desktop/ft_shmup/ft_shmup)
==881695== 
==881695== 24 bytes in 1 blocks are possibly lost in loss record 34 of 91
==881695==    at 0x4848899: malloc (in /usr/libexec/valgrind/vgpreload_memcheck-amd64-linux.so)
==881695==    by 0x4D3B01E: tsearch (tsearch.c:337)
==881695==    by 0x48C7D6E: ??? (in /usr/lib/x86_64-linux-gnu/libtinfo.so.6.3)
==881695==    by 0x48CB098: _nc_tiparm (in /usr/lib/x86_64-linux-gnu/libtinfo.so.6.3)
==881695==    by 0x4881B3B: ??? (in /usr/lib/x86_64-linux-gnu/libncursesw.so.6.3)
==881695==    by 0x4883F0D: ??? (in /usr/lib/x86_64-linux-gnu/libncursesw.so.6.3)
==881695==    by 0x48A1751: doupdate_sp (in /usr/lib/x86_64-linux-gnu/libncursesw.so.6.3)
==881695==    by 0x48956D7: wrefresh (in /usr/lib/x86_64-linux-gnu/libncursesw.so.6.3)
==881695==    by 0x488C867: ??? (in /usr/lib/x86_64-linux-gnu/libncursesw.so.6.3)
==881695==    by 0x488D28A: wgetch (in /usr/lib/x86_64-linux-gnu/libncursesw.so.6.3)
==881695==    by 0x40AC30: InputHandler::read() (in /home/francema/Desktop/ft_shmup/ft_shmup)
==881695==    by 0x40A7BC: Game::handleInput() (in /home/francema/Desktop/ft_shmup/ft_shmup)
==881695== 
==881695== 24 bytes in 1 blocks are possibly lost in loss record 35 of 91
==881695==    at 0x4848899: malloc (in /usr/libexec/valgrind/vgpreload_memcheck-amd64-linux.so)
==881695==    by 0x4D3B01E: tsearch (tsearch.c:337)
==881695==    by 0x48C7D6E: ??? (in /usr/lib/x86_64-linux-gnu/libtinfo.so.6.3)
==881695==    by 0x48CB098: _nc_tiparm (in /usr/lib/x86_64-linux-gnu/libtinfo.so.6.3)
==881695==    by 0x4881ABB: ??? (in /usr/lib/x86_64-linux-gnu/libncursesw.so.6.3)
==881695==    by 0x48A1751: doupdate_sp (in /usr/lib/x86_64-linux-gnu/libncursesw.so.6.3)
==881695==    by 0x48956D7: wrefresh (in /usr/lib/x86_64-linux-gnu/libncursesw.so.6.3)
==881695==    by 0x488C867: ??? (in /usr/lib/x86_64-linux-gnu/libncursesw.so.6.3)
==881695==    by 0x488D28A: wgetch (in /usr/lib/x86_64-linux-gnu/libncursesw.so.6.3)
==881695==    by 0x40AC30: InputHandler::read() (in /home/francema/Desktop/ft_shmup/ft_shmup)
==881695==    by 0x40A7BC: Game::handleInput() (in /home/francema/Desktop/ft_shmup/ft_shmup)
==881695==    by 0x40A985: Game::run() (in /home/francema/Desktop/ft_shmup/ft_shmup)
==881695== 
==881695== 27 bytes in 1 blocks are still reachable in loss record 36 of 91
==881695==    at 0x4848899: malloc (in /usr/libexec/valgrind/vgpreload_memcheck-amd64-linux.so)
==881695==    by 0x48C5624: _nc_home_terminfo (in /usr/lib/x86_64-linux-gnu/libtinfo.so.6.3)
==881695==    by 0x48C5BE2: _nc_first_db (in /usr/lib/x86_64-linux-gnu/libtinfo.so.6.3)
==881695==    by 0x48CF696: _nc_read_entry2 (in /usr/lib/x86_64-linux-gnu/libtinfo.so.6.3)
==881695==    by 0x48CF711: ??? (in /usr/lib/x86_64-linux-gnu/libtinfo.so.6.3)
==881695==    by 0x48CF866: _nc_setupterm (in /usr/lib/x86_64-linux-gnu/libtinfo.so.6.3)
==881695==    by 0x4894102: newterm_sp (in /usr/lib/x86_64-linux-gnu/libncursesw.so.6.3)
==881695==    by 0x48955EC: newterm (in /usr/lib/x86_64-linux-gnu/libncursesw.so.6.3)
==881695==    by 0x488D3AF: initscr (in /usr/lib/x86_64-linux-gnu/libncursesw.so.6.3)
==881695==    by 0x40AD3C: Render::Render() (in /home/francema/Desktop/ft_shmup/ft_shmup)
==881695==    by 0x40A619: Game::Game() (in /home/francema/Desktop/ft_shmup/ft_shmup)
==881695==    by 0x402714: main (in /home/francema/Desktop/ft_shmup/ft_shmup)
==881695== 
==881695== 28 bytes in 1 blocks are still reachable in loss record 37 of 91
==881695==    at 0x484DA83: calloc (in /usr/libexec/valgrind/vgpreload_memcheck-amd64-linux.so)
==881695==    by 0x48941A6: newterm_sp (in /usr/lib/x86_64-linux-gnu/libncursesw.so.6.3)
==881695==    by 0x48955EC: newterm (in /usr/lib/x86_64-linux-gnu/libncursesw.so.6.3)
==881695==    by 0x488D3AF: initscr (in /usr/lib/x86_64-linux-gnu/libncursesw.so.6.3)
==881695==    by 0x40AD3C: Render::Render() (in /home/francema/Desktop/ft_shmup/ft_shmup)
==881695==    by 0x40A619: Game::Game() (in /home/francema/Desktop/ft_shmup/ft_shmup)
==881695==    by 0x402714: main (in /home/francema/Desktop/ft_shmup/ft_shmup)
==881695== 
==881695== 46 bytes in 1 blocks are still reachable in loss record 38 of 91
==881695==    at 0x484DCD3: realloc (in /usr/libexec/valgrind/vgpreload_memcheck-amd64-linux.so)
==881695==    by 0x48C46CC: _nc_doalloc (in /usr/lib/x86_64-linux-gnu/libtinfo.so.6.3)
==881695==    by 0x48CF16F: _nc_read_termtype (in /usr/lib/x86_64-linux-gnu/libtinfo.so.6.3)
==881695==    by 0x48CF52A: ??? (in /usr/lib/x86_64-linux-gnu/libtinfo.so.6.3)
==881695==    by 0x48D1C40: ??? (in /usr/lib/x86_64-linux-gnu/libtinfo.so.6.3)
==881695==    by 0x48CF6BB: _nc_read_entry2 (in /usr/lib/x86_64-linux-gnu/libtinfo.so.6.3)
==881695==    by 0x48CF711: ??? (in /usr/lib/x86_64-linux-gnu/libtinfo.so.6.3)
==881695==    by 0x48CF866: _nc_setupterm (in /usr/lib/x86_64-linux-gnu/libtinfo.so.6.3)
==881695==    by 0x4894102: newterm_sp (in /usr/lib/x86_64-linux-gnu/libncursesw.so.6.3)
==881695==    by 0x48955EC: newterm (in /usr/lib/x86_64-linux-gnu/libncursesw.so.6.3)
==881695==    by 0x488D3AF: initscr (in /usr/lib/x86_64-linux-gnu/libncursesw.so.6.3)
==881695==    by 0x40AD3C: Render::Render() (in /home/francema/Desktop/ft_shmup/ft_shmup)
==881695== 
==881695== 46 bytes in 1 blocks are still reachable in loss record 39 of 91
==881695==    at 0x4848899: malloc (in /usr/libexec/valgrind/vgpreload_memcheck-amd64-linux.so)
==881695==    by 0x48C3FDE: ??? (in /usr/lib/x86_64-linux-gnu/libtinfo.so.6.3)
==881695==    by 0x48CF87D: _nc_setupterm (in /usr/lib/x86_64-linux-gnu/libtinfo.so.6.3)
==881695==    by 0x4894102: newterm_sp (in /usr/lib/x86_64-linux-gnu/libncursesw.so.6.3)
==881695==    by 0x48955EC: newterm (in /usr/lib/x86_64-linux-gnu/libncursesw.so.6.3)
==881695==    by 0x488D3AF: initscr (in /usr/lib/x86_64-linux-gnu/libncursesw.so.6.3)
==881695==    by 0x40AD3C: Render::Render() (in /home/francema/Desktop/ft_shmup/ft_shmup)
==881695==    by 0x40A619: Game::Game() (in /home/francema/Desktop/ft_shmup/ft_shmup)
==881695==    by 0x402714: main (in /home/francema/Desktop/ft_shmup/ft_shmup)
==881695== 
==881695== 48 bytes in 1 blocks are still reachable in loss record 40 of 91
==881695==    at 0x484DA83: calloc (in /usr/libexec/valgrind/vgpreload_memcheck-amd64-linux.so)
==881695==    by 0x48C5833: _nc_first_db (in /usr/lib/x86_64-linux-gnu/libtinfo.so.6.3)
==881695==    by 0x48CF696: _nc_read_entry2 (in /usr/lib/x86_64-linux-gnu/libtinfo.so.6.3)
==881695==    by 0x48CF711: ??? (in /usr/lib/x86_64-linux-gnu/libtinfo.so.6.3)
==881695==    by 0x48CF866: _nc_setupterm (in /usr/lib/x86_64-linux-gnu/libtinfo.so.6.3)
==881695==    by 0x4894102: newterm_sp (in /usr/lib/x86_64-linux-gnu/libncursesw.so.6.3)
==881695==    by 0x48955EC: newterm (in /usr/lib/x86_64-linux-gnu/libncursesw.so.6.3)
==881695==    by 0x488D3AF: initscr (in /usr/lib/x86_64-linux-gnu/libncursesw.so.6.3)
==881695==    by 0x40AD3C: Render::Render() (in /home/francema/Desktop/ft_shmup/ft_shmup)
==881695==    by 0x40A619: Game::Game() (in /home/francema/Desktop/ft_shmup/ft_shmup)
==881695==    by 0x402714: main (in /home/francema/Desktop/ft_shmup/ft_shmup)
==881695== 
==881695== 63 bytes in 1 blocks are possibly lost in loss record 41 of 91
==881695==    at 0x4848899: malloc (in /usr/libexec/valgrind/vgpreload_memcheck-amd64-linux.so)
==881695==    by 0x4CC358E: strdup (strdup.c:42)
==881695==    by 0x48C7D54: ??? (in /usr/lib/x86_64-linux-gnu/libtinfo.so.6.3)
==881695==    by 0x48CB098: _nc_tiparm (in /usr/lib/x86_64-linux-gnu/libtinfo.so.6.3)
==881695==    by 0x4881B3B: ??? (in /usr/lib/x86_64-linux-gnu/libncursesw.so.6.3)
==881695==    by 0x4883F0D: ??? (in /usr/lib/x86_64-linux-gnu/libncursesw.so.6.3)
==881695==    by 0x48A1751: doupdate_sp (in /usr/lib/x86_64-linux-gnu/libncursesw.so.6.3)
==881695==    by 0x48956D7: wrefresh (in /usr/lib/x86_64-linux-gnu/libncursesw.so.6.3)
==881695==    by 0x488C867: ??? (in /usr/lib/x86_64-linux-gnu/libncursesw.so.6.3)
==881695==    by 0x488D28A: wgetch (in /usr/lib/x86_64-linux-gnu/libncursesw.so.6.3)
==881695==    by 0x40AC30: InputHandler::read() (in /home/francema/Desktop/ft_shmup/ft_shmup)
==881695==    by 0x40A7BC: Game::handleInput() (in /home/francema/Desktop/ft_shmup/ft_shmup)
==881695== 
==881695== 64 bytes in 1 blocks are possibly lost in loss record 42 of 91
==881695==    at 0x4848899: malloc (in /usr/libexec/valgrind/vgpreload_memcheck-amd64-linux.so)
==881695==    by 0x4CC358E: strdup (strdup.c:42)
==881695==    by 0x48C7D54: ??? (in /usr/lib/x86_64-linux-gnu/libtinfo.so.6.3)
==881695==    by 0x48CB098: _nc_tiparm (in /usr/lib/x86_64-linux-gnu/libtinfo.so.6.3)
==881695==    by 0x4881ABB: ??? (in /usr/lib/x86_64-linux-gnu/libncursesw.so.6.3)
==881695==    by 0x48A1751: doupdate_sp (in /usr/lib/x86_64-linux-gnu/libncursesw.so.6.3)
==881695==    by 0x48956D7: wrefresh (in /usr/lib/x86_64-linux-gnu/libncursesw.so.6.3)
==881695==    by 0x488C867: ??? (in /usr/lib/x86_64-linux-gnu/libncursesw.so.6.3)
==881695==    by 0x488D28A: wgetch (in /usr/lib/x86_64-linux-gnu/libncursesw.so.6.3)
==881695==    by 0x40AC30: InputHandler::read() (in /home/francema/Desktop/ft_shmup/ft_shmup)
==881695==    by 0x40A7BC: Game::handleInput() (in /home/francema/Desktop/ft_shmup/ft_shmup)
==881695==    by 0x40A985: Game::run() (in /home/francema/Desktop/ft_shmup/ft_shmup)
==881695== 
==881695== 70 bytes in 1 blocks are still reachable in loss record 43 of 91
==881695==    at 0x484DCD3: realloc (in /usr/libexec/valgrind/vgpreload_memcheck-amd64-linux.so)
==881695==    by 0x48C46CC: _nc_doalloc (in /usr/lib/x86_64-linux-gnu/libtinfo.so.6.3)
==881695==    by 0x48CB731: _nc_tiparm (in /usr/lib/x86_64-linux-gnu/libtinfo.so.6.3)
==881695==    by 0x4894B18: newterm_sp (in /usr/lib/x86_64-linux-gnu/libncursesw.so.6.3)
==881695==    by 0x48955EC: newterm (in /usr/lib/x86_64-linux-gnu/libncursesw.so.6.3)
==881695==    by 0x488D3AF: initscr (in /usr/lib/x86_64-linux-gnu/libncursesw.so.6.3)
==881695==    by 0x40AD3C: Render::Render() (in /home/francema/Desktop/ft_shmup/ft_shmup)
==881695==    by 0x40A619: Game::Game() (in /home/francema/Desktop/ft_shmup/ft_shmup)
==881695==    by 0x402714: main (in /home/francema/Desktop/ft_shmup/ft_shmup)
==881695== 
==881695== 78 bytes in 1 blocks are still reachable in loss record 44 of 91
==881695==    at 0x4848899: malloc (in /usr/libexec/valgrind/vgpreload_memcheck-amd64-linux.so)
==881695==    by 0x48C404B: ??? (in /usr/lib/x86_64-linux-gnu/libtinfo.so.6.3)
==881695==    by 0x48CF87D: _nc_setupterm (in /usr/lib/x86_64-linux-gnu/libtinfo.so.6.3)
==881695==    by 0x4894102: newterm_sp (in /usr/lib/x86_64-linux-gnu/libncursesw.so.6.3)
==881695==    by 0x48955EC: newterm (in /usr/lib/x86_64-linux-gnu/libncursesw.so.6.3)
==881695==    by 0x488D3AF: initscr (in /usr/lib/x86_64-linux-gnu/libncursesw.so.6.3)
==881695==    by 0x40AD3C: Render::Render() (in /home/francema/Desktop/ft_shmup/ft_shmup)
==881695==    by 0x40A619: Game::Game() (in /home/francema/Desktop/ft_shmup/ft_shmup)
==881695==    by 0x402714: main (in /home/francema/Desktop/ft_shmup/ft_shmup)
==881695== 
==881695== 93 bytes in 1 blocks are still reachable in loss record 45 of 91
==881695==    at 0x4848899: malloc (in /usr/libexec/valgrind/vgpreload_memcheck-amd64-linux.so)
==881695==    by 0x4CC358E: strdup (strdup.c:42)
==881695==    by 0x48C7D54: ??? (in /usr/lib/x86_64-linux-gnu/libtinfo.so.6.3)
==881695==    by 0x48CB098: _nc_tiparm (in /usr/lib/x86_64-linux-gnu/libtinfo.so.6.3)
==881695==    by 0x489904C: vid_puts_sp (in /usr/lib/x86_64-linux-gnu/libncursesw.so.6.3)
==881695==    by 0x489D59A: ??? (in /usr/lib/x86_64-linux-gnu/libncursesw.so.6.3)
==881695==    by 0x48A0906: ??? (in /usr/lib/x86_64-linux-gnu/libncursesw.so.6.3)
==881695==    by 0x48A1585: doupdate_sp (in /usr/lib/x86_64-linux-gnu/libncursesw.so.6.3)
==881695==    by 0x48956D7: wrefresh (in /usr/lib/x86_64-linux-gnu/libncursesw.so.6.3)
==881695==    by 0x488C867: ??? (in /usr/lib/x86_64-linux-gnu/libncursesw.so.6.3)
==881695==    by 0x488D28A: wgetch (in /usr/lib/x86_64-linux-gnu/libncursesw.so.6.3)
==881695==    by 0x40AC30: InputHandler::read() (in /home/francema/Desktop/ft_shmup/ft_shmup)
==881695== 
==881695== 96 bytes in 1 blocks are still reachable in loss record 46 of 91
==881695==    at 0x4848899: malloc (in /usr/libexec/valgrind/vgpreload_memcheck-amd64-linux.so)
==881695==    by 0x48C579A: _nc_first_db (in /usr/lib/x86_64-linux-gnu/libtinfo.so.6.3)
==881695==    by 0x48CF696: _nc_read_entry2 (in /usr/lib/x86_64-linux-gnu/libtinfo.so.6.3)
==881695==    by 0x48CF711: ??? (in /usr/lib/x86_64-linux-gnu/libtinfo.so.6.3)
==881695==    by 0x48CF866: _nc_setupterm (in /usr/lib/x86_64-linux-gnu/libtinfo.so.6.3)
==881695==    by 0x4894102: newterm_sp (in /usr/lib/x86_64-linux-gnu/libncursesw.so.6.3)
==881695==    by 0x48955EC: newterm (in /usr/lib/x86_64-linux-gnu/libncursesw.so.6.3)
==881695==    by 0x488D3AF: initscr (in /usr/lib/x86_64-linux-gnu/libncursesw.so.6.3)
==881695==    by 0x40AD3C: Render::Render() (in /home/francema/Desktop/ft_shmup/ft_shmup)
==881695==    by 0x40A619: Game::Game() (in /home/francema/Desktop/ft_shmup/ft_shmup)
==881695==    by 0x402714: main (in /home/francema/Desktop/ft_shmup/ft_shmup)
==881695== 
==881695== 103 bytes in 1 blocks are still reachable in loss record 47 of 91
==881695==    at 0x484DCD3: realloc (in /usr/libexec/valgrind/vgpreload_memcheck-amd64-linux.so)
==881695==    by 0x48C46CC: _nc_doalloc (in /usr/lib/x86_64-linux-gnu/libtinfo.so.6.3)
==881695==    by 0x48C795B: _nc_tparm_analyze (in /usr/lib/x86_64-linux-gnu/libtinfo.so.6.3)
==881695==    by 0x48C7C62: ??? (in /usr/lib/x86_64-linux-gnu/libtinfo.so.6.3)
==881695==    by 0x48CB098: _nc_tiparm (in /usr/lib/x86_64-linux-gnu/libtinfo.so.6.3)
==881695==    by 0x4881B3B: ??? (in /usr/lib/x86_64-linux-gnu/libncursesw.so.6.3)
==881695==    by 0x4883F0D: ??? (in /usr/lib/x86_64-linux-gnu/libncursesw.so.6.3)
==881695==    by 0x48A1751: doupdate_sp (in /usr/lib/x86_64-linux-gnu/libncursesw.so.6.3)
==881695==    by 0x48956D7: wrefresh (in /usr/lib/x86_64-linux-gnu/libncursesw.so.6.3)
==881695==    by 0x488C867: ??? (in /usr/lib/x86_64-linux-gnu/libncursesw.so.6.3)
==881695==    by 0x488D28A: wgetch (in /usr/lib/x86_64-linux-gnu/libncursesw.so.6.3)
==881695==    by 0x40AC30: InputHandler::read() (in /home/francema/Desktop/ft_shmup/ft_shmup)
==881695== 
==881695== 128 bytes in 1 blocks are still reachable in loss record 48 of 91
==881695==    at 0x484DA83: calloc (in /usr/libexec/valgrind/vgpreload_memcheck-amd64-linux.so)
==881695==    by 0x4894173: newterm_sp (in /usr/lib/x86_64-linux-gnu/libncursesw.so.6.3)
==881695==    by 0x48955EC: newterm (in /usr/lib/x86_64-linux-gnu/libncursesw.so.6.3)
==881695==    by 0x488D3AF: initscr (in /usr/lib/x86_64-linux-gnu/libncursesw.so.6.3)
==881695==    by 0x40AD3C: Render::Render() (in /home/francema/Desktop/ft_shmup/ft_shmup)
==881695==    by 0x40A619: Game::Game() (in /home/francema/Desktop/ft_shmup/ft_shmup)
==881695==    by 0x402714: main (in /home/francema/Desktop/ft_shmup/ft_shmup)
==881695== 
==881695== 156 bytes in 1 blocks are still reachable in loss record 49 of 91
==881695==    at 0x484DCD3: realloc (in /usr/libexec/valgrind/vgpreload_memcheck-amd64-linux.so)
==881695==    by 0x48C46CC: _nc_doalloc (in /usr/lib/x86_64-linux-gnu/libtinfo.so.6.3)
==881695==    by 0x48CF197: _nc_read_termtype (in /usr/lib/x86_64-linux-gnu/libtinfo.so.6.3)
==881695==    by 0x48CF52A: ??? (in /usr/lib/x86_64-linux-gnu/libtinfo.so.6.3)
==881695==    by 0x48D1C40: ??? (in /usr/lib/x86_64-linux-gnu/libtinfo.so.6.3)
==881695==    by 0x48CF6BB: _nc_read_entry2 (in /usr/lib/x86_64-linux-gnu/libtinfo.so.6.3)
==881695==    by 0x48CF711: ??? (in /usr/lib/x86_64-linux-gnu/libtinfo.so.6.3)
==881695==    by 0x48CF866: _nc_setupterm (in /usr/lib/x86_64-linux-gnu/libtinfo.so.6.3)
==881695==    by 0x4894102: newterm_sp (in /usr/lib/x86_64-linux-gnu/libncursesw.so.6.3)
==881695==    by 0x48955EC: newterm (in /usr/lib/x86_64-linux-gnu/libncursesw.so.6.3)
==881695==    by 0x488D3AF: initscr (in /usr/lib/x86_64-linux-gnu/libncursesw.so.6.3)
==881695==    by 0x40AD3C: Render::Render() (in /home/francema/Desktop/ft_shmup/ft_shmup)
==881695== 
==881695== 168 bytes in 1 blocks are still reachable in loss record 50 of 91
==881695==    at 0x484DA83: calloc (in /usr/libexec/valgrind/vgpreload_memcheck-amd64-linux.so)
==881695==    by 0x48C7CCD: ??? (in /usr/lib/x86_64-linux-gnu/libtinfo.so.6.3)
==881695==    by 0x48CB098: _nc_tiparm (in /usr/lib/x86_64-linux-gnu/libtinfo.so.6.3)
==881695==    by 0x4894B18: newterm_sp (in /usr/lib/x86_64-linux-gnu/libncursesw.so.6.3)
==881695==    by 0x48955EC: newterm (in /usr/lib/x86_64-linux-gnu/libncursesw.so.6.3)
==881695==    by 0x488D3AF: initscr (in /usr/lib/x86_64-linux-gnu/libncursesw.so.6.3)
==881695==    by 0x40AD3C: Render::Render() (in /home/francema/Desktop/ft_shmup/ft_shmup)
==881695==    by 0x40A619: Game::Game() (in /home/francema/Desktop/ft_shmup/ft_shmup)
==881695==    by 0x402714: main (in /home/francema/Desktop/ft_shmup/ft_shmup)
==881695== 
==881695== 168 bytes in 1 blocks are still reachable in loss record 51 of 91
==881695==    at 0x484DA83: calloc (in /usr/libexec/valgrind/vgpreload_memcheck-amd64-linux.so)
==881695==    by 0x48C7CCD: ??? (in /usr/lib/x86_64-linux-gnu/libtinfo.so.6.3)
==881695==    by 0x48CB098: _nc_tiparm (in /usr/lib/x86_64-linux-gnu/libtinfo.so.6.3)
==881695==    by 0x4894B8E: newterm_sp (in /usr/lib/x86_64-linux-gnu/libncursesw.so.6.3)
==881695==    by 0x48955EC: newterm (in /usr/lib/x86_64-linux-gnu/libncursesw.so.6.3)
==881695==    by 0x488D3AF: initscr (in /usr/lib/x86_64-linux-gnu/libncursesw.so.6.3)
==881695==    by 0x40AD3C: Render::Render() (in /home/francema/Desktop/ft_shmup/ft_shmup)
==881695==    by 0x40A619: Game::Game() (in /home/francema/Desktop/ft_shmup/ft_shmup)
==881695==    by 0x402714: main (in /home/francema/Desktop/ft_shmup/ft_shmup)
==881695== 
==881695== 168 bytes in 1 blocks are still reachable in loss record 52 of 91
==881695==    at 0x484DA83: calloc (in /usr/libexec/valgrind/vgpreload_memcheck-amd64-linux.so)
==881695==    by 0x48C7CCD: ??? (in /usr/lib/x86_64-linux-gnu/libtinfo.so.6.3)
==881695==    by 0x48CB098: _nc_tiparm (in /usr/lib/x86_64-linux-gnu/libtinfo.so.6.3)
==881695==    by 0x4894BC9: newterm_sp (in /usr/lib/x86_64-linux-gnu/libncursesw.so.6.3)
==881695==    by 0x48955EC: newterm (in /usr/lib/x86_64-linux-gnu/libncursesw.so.6.3)
==881695==    by 0x488D3AF: initscr (in /usr/lib/x86_64-linux-gnu/libncursesw.so.6.3)
==881695==    by 0x40AD3C: Render::Render() (in /home/francema/Desktop/ft_shmup/ft_shmup)
==881695==    by 0x40A619: Game::Game() (in /home/francema/Desktop/ft_shmup/ft_shmup)
==881695==    by 0x402714: main (in /home/francema/Desktop/ft_shmup/ft_shmup)
==881695== 
==881695== 168 bytes in 1 blocks are still reachable in loss record 53 of 91
==881695==    at 0x484DA83: calloc (in /usr/libexec/valgrind/vgpreload_memcheck-amd64-linux.so)
==881695==    by 0x48C7CCD: ??? (in /usr/lib/x86_64-linux-gnu/libtinfo.so.6.3)
==881695==    by 0x48CB098: _nc_tiparm (in /usr/lib/x86_64-linux-gnu/libtinfo.so.6.3)
==881695==    by 0x4894C04: newterm_sp (in /usr/lib/x86_64-linux-gnu/libncursesw.so.6.3)
==881695==    by 0x48955EC: newterm (in /usr/lib/x86_64-linux-gnu/libncursesw.so.6.3)
==881695==    by 0x488D3AF: initscr (in /usr/lib/x86_64-linux-gnu/libncursesw.so.6.3)
==881695==    by 0x40AD3C: Render::Render() (in /home/francema/Desktop/ft_shmup/ft_shmup)
==881695==    by 0x40A619: Game::Game() (in /home/francema/Desktop/ft_shmup/ft_shmup)
==881695==    by 0x402714: main (in /home/francema/Desktop/ft_shmup/ft_shmup)
==881695== 
==881695== 168 bytes in 1 blocks are still reachable in loss record 54 of 91
==881695==    at 0x484DA83: calloc (in /usr/libexec/valgrind/vgpreload_memcheck-amd64-linux.so)
==881695==    by 0x48C7CCD: ??? (in /usr/lib/x86_64-linux-gnu/libtinfo.so.6.3)
==881695==    by 0x48CB098: _nc_tiparm (in /usr/lib/x86_64-linux-gnu/libtinfo.so.6.3)
==881695==    by 0x4894C3C: newterm_sp (in /usr/lib/x86_64-linux-gnu/libncursesw.so.6.3)
==881695==    by 0x48955EC: newterm (in /usr/lib/x86_64-linux-gnu/libncursesw.so.6.3)
==881695==    by 0x488D3AF: initscr (in /usr/lib/x86_64-linux-gnu/libncursesw.so.6.3)
==881695==    by 0x40AD3C: Render::Render() (in /home/francema/Desktop/ft_shmup/ft_shmup)
==881695==    by 0x40A619: Game::Game() (in /home/francema/Desktop/ft_shmup/ft_shmup)
==881695==    by 0x402714: main (in /home/francema/Desktop/ft_shmup/ft_shmup)
==881695== 
==881695== 168 bytes in 1 blocks are still reachable in loss record 55 of 91
==881695==    at 0x484DA83: calloc (in /usr/libexec/valgrind/vgpreload_memcheck-amd64-linux.so)
==881695==    by 0x48C7CCD: ??? (in /usr/lib/x86_64-linux-gnu/libtinfo.so.6.3)
==881695==    by 0x48CB098: _nc_tiparm (in /usr/lib/x86_64-linux-gnu/libtinfo.so.6.3)
==881695==    by 0x4894C77: newterm_sp (in /usr/lib/x86_64-linux-gnu/libncursesw.so.6.3)
==881695==    by 0x48955EC: newterm (in /usr/lib/x86_64-linux-gnu/libncursesw.so.6.3)
==881695==    by 0x488D3AF: initscr (in /usr/lib/x86_64-linux-gnu/libncursesw.so.6.3)
==881695==    by 0x40AD3C: Render::Render() (in /home/francema/Desktop/ft_shmup/ft_shmup)
==881695==    by 0x40A619: Game::Game() (in /home/francema/Desktop/ft_shmup/ft_shmup)
==881695==    by 0x402714: main (in /home/francema/Desktop/ft_shmup/ft_shmup)
==881695== 
==881695== 168 bytes in 1 blocks are still reachable in loss record 56 of 91
==881695==    at 0x484DA83: calloc (in /usr/libexec/valgrind/vgpreload_memcheck-amd64-linux.so)
==881695==    by 0x48C7CCD: ??? (in /usr/lib/x86_64-linux-gnu/libtinfo.so.6.3)
==881695==    by 0x48CB098: _nc_tiparm (in /usr/lib/x86_64-linux-gnu/libtinfo.so.6.3)
==881695==    by 0x4894DBF: newterm_sp (in /usr/lib/x86_64-linux-gnu/libncursesw.so.6.3)
==881695==    by 0x48955EC: newterm (in /usr/lib/x86_64-linux-gnu/libncursesw.so.6.3)
==881695==    by 0x488D3AF: initscr (in /usr/lib/x86_64-linux-gnu/libncursesw.so.6.3)
==881695==    by 0x40AD3C: Render::Render() (in /home/francema/Desktop/ft_shmup/ft_shmup)
==881695==    by 0x40A619: Game::Game() (in /home/francema/Desktop/ft_shmup/ft_shmup)
==881695==    by 0x402714: main (in /home/francema/Desktop/ft_shmup/ft_shmup)
==881695== 
==881695== 168 bytes in 1 blocks are still reachable in loss record 57 of 91
==881695==    at 0x484DA83: calloc (in /usr/libexec/valgrind/vgpreload_memcheck-amd64-linux.so)
==881695==    by 0x48C7CCD: ??? (in /usr/lib/x86_64-linux-gnu/libtinfo.so.6.3)
==881695==    by 0x48CB098: _nc_tiparm (in /usr/lib/x86_64-linux-gnu/libtinfo.so.6.3)
==881695==    by 0x4894E10: newterm_sp (in /usr/lib/x86_64-linux-gnu/libncursesw.so.6.3)
==881695==    by 0x48955EC: newterm (in /usr/lib/x86_64-linux-gnu/libncursesw.so.6.3)
==881695==    by 0x488D3AF: initscr (in /usr/lib/x86_64-linux-gnu/libncursesw.so.6.3)
==881695==    by 0x40AD3C: Render::Render() (in /home/francema/Desktop/ft_shmup/ft_shmup)
==881695==    by 0x40A619: Game::Game() (in /home/francema/Desktop/ft_shmup/ft_shmup)
==881695==    by 0x402714: main (in /home/francema/Desktop/ft_shmup/ft_shmup)
==881695== 
==881695== 168 bytes in 1 blocks are still reachable in loss record 58 of 91
==881695==    at 0x484DA83: calloc (in /usr/libexec/valgrind/vgpreload_memcheck-amd64-linux.so)
==881695==    by 0x48C7CCD: ??? (in /usr/lib/x86_64-linux-gnu/libtinfo.so.6.3)
==881695==    by 0x48CB098: _nc_tiparm (in /usr/lib/x86_64-linux-gnu/libtinfo.so.6.3)
==881695==    by 0x4894E61: newterm_sp (in /usr/lib/x86_64-linux-gnu/libncursesw.so.6.3)
==881695==    by 0x48955EC: newterm (in /usr/lib/x86_64-linux-gnu/libncursesw.so.6.3)
==881695==    by 0x488D3AF: initscr (in /usr/lib/x86_64-linux-gnu/libncursesw.so.6.3)
==881695==    by 0x40AD3C: Render::Render() (in /home/francema/Desktop/ft_shmup/ft_shmup)
==881695==    by 0x40A619: Game::Game() (in /home/francema/Desktop/ft_shmup/ft_shmup)
==881695==    by 0x402714: main (in /home/francema/Desktop/ft_shmup/ft_shmup)
==881695== 
==881695== 168 bytes in 1 blocks are still reachable in loss record 59 of 91
==881695==    at 0x484DA83: calloc (in /usr/libexec/valgrind/vgpreload_memcheck-amd64-linux.so)
==881695==    by 0x48C7CCD: ??? (in /usr/lib/x86_64-linux-gnu/libtinfo.so.6.3)
==881695==    by 0x48CB098: _nc_tiparm (in /usr/lib/x86_64-linux-gnu/libtinfo.so.6.3)
==881695==    by 0x4894EB7: newterm_sp (in /usr/lib/x86_64-linux-gnu/libncursesw.so.6.3)
==881695==    by 0x48955EC: newterm (in /usr/lib/x86_64-linux-gnu/libncursesw.so.6.3)
==881695==    by 0x488D3AF: initscr (in /usr/lib/x86_64-linux-gnu/libncursesw.so.6.3)
==881695==    by 0x40AD3C: Render::Render() (in /home/francema/Desktop/ft_shmup/ft_shmup)
==881695==    by 0x40A619: Game::Game() (in /home/francema/Desktop/ft_shmup/ft_shmup)
==881695==    by 0x402714: main (in /home/francema/Desktop/ft_shmup/ft_shmup)
==881695== 
==881695== 168 bytes in 1 blocks are still reachable in loss record 60 of 91
==881695==    at 0x484DA83: calloc (in /usr/libexec/valgrind/vgpreload_memcheck-amd64-linux.so)
==881695==    by 0x48C7CCD: ??? (in /usr/lib/x86_64-linux-gnu/libtinfo.so.6.3)
==881695==    by 0x48CB098: _nc_tiparm (in /usr/lib/x86_64-linux-gnu/libtinfo.so.6.3)
==881695==    by 0x488F516: ??? (in /usr/lib/x86_64-linux-gnu/libncursesw.so.6.3)
==881695==    by 0x489503D: newterm_sp (in /usr/lib/x86_64-linux-gnu/libncursesw.so.6.3)
==881695==    by 0x48955EC: newterm (in /usr/lib/x86_64-linux-gnu/libncursesw.so.6.3)
==881695==    by 0x488D3AF: initscr (in /usr/lib/x86_64-linux-gnu/libncursesw.so.6.3)
==881695==    by 0x40AD3C: Render::Render() (in /home/francema/Desktop/ft_shmup/ft_shmup)
==881695==    by 0x40A619: Game::Game() (in /home/francema/Desktop/ft_shmup/ft_shmup)
==881695==    by 0x402714: main (in /home/francema/Desktop/ft_shmup/ft_shmup)
==881695== 
==881695== 168 bytes in 1 blocks are still reachable in loss record 61 of 91
==881695==    at 0x484DA83: calloc (in /usr/libexec/valgrind/vgpreload_memcheck-amd64-linux.so)
==881695==    by 0x48C7CCD: ??? (in /usr/lib/x86_64-linux-gnu/libtinfo.so.6.3)
==881695==    by 0x48CB098: _nc_tiparm (in /usr/lib/x86_64-linux-gnu/libtinfo.so.6.3)
==881695==    by 0x489904C: vid_puts_sp (in /usr/lib/x86_64-linux-gnu/libncursesw.so.6.3)
==881695==    by 0x489D59A: ??? (in /usr/lib/x86_64-linux-gnu/libncursesw.so.6.3)
==881695==    by 0x48A0906: ??? (in /usr/lib/x86_64-linux-gnu/libncursesw.so.6.3)
==881695==    by 0x48A1585: doupdate_sp (in /usr/lib/x86_64-linux-gnu/libncursesw.so.6.3)
==881695==    by 0x48956D7: wrefresh (in /usr/lib/x86_64-linux-gnu/libncursesw.so.6.3)
==881695==    by 0x488C867: ??? (in /usr/lib/x86_64-linux-gnu/libncursesw.so.6.3)
==881695==    by 0x488D28A: wgetch (in /usr/lib/x86_64-linux-gnu/libncursesw.so.6.3)
==881695==    by 0x40AC30: InputHandler::read() (in /home/francema/Desktop/ft_shmup/ft_shmup)
==881695==    by 0x40A7BC: Game::handleInput() (in /home/francema/Desktop/ft_shmup/ft_shmup)
==881695== 
==881695== 168 bytes in 1 blocks are possibly lost in loss record 62 of 91
==881695==    at 0x484DA83: calloc (in /usr/libexec/valgrind/vgpreload_memcheck-amd64-linux.so)
==881695==    by 0x48C7CCD: ??? (in /usr/lib/x86_64-linux-gnu/libtinfo.so.6.3)
==881695==    by 0x48CB098: _nc_tiparm (in /usr/lib/x86_64-linux-gnu/libtinfo.so.6.3)
==881695==    by 0x4894B53: newterm_sp (in /usr/lib/x86_64-linux-gnu/libncursesw.so.6.3)
==881695==    by 0x48955EC: newterm (in /usr/lib/x86_64-linux-gnu/libncursesw.so.6.3)
==881695==    by 0x488D3AF: initscr (in /usr/lib/x86_64-linux-gnu/libncursesw.so.6.3)
==881695==    by 0x40AD3C: Render::Render() (in /home/francema/Desktop/ft_shmup/ft_shmup)
==881695==    by 0x40A619: Game::Game() (in /home/francema/Desktop/ft_shmup/ft_shmup)
==881695==    by 0x402714: main (in /home/francema/Desktop/ft_shmup/ft_shmup)
==881695== 
==881695== 168 bytes in 1 blocks are possibly lost in loss record 63 of 91
==881695==    at 0x484DA83: calloc (in /usr/libexec/valgrind/vgpreload_memcheck-amd64-linux.so)
==881695==    by 0x48C7CCD: ??? (in /usr/lib/x86_64-linux-gnu/libtinfo.so.6.3)
==881695==    by 0x48CB098: _nc_tiparm (in /usr/lib/x86_64-linux-gnu/libtinfo.so.6.3)
==881695==    by 0x4881B3B: ??? (in /usr/lib/x86_64-linux-gnu/libncursesw.so.6.3)
==881695==    by 0x4883F0D: ??? (in /usr/lib/x86_64-linux-gnu/libncursesw.so.6.3)
==881695==    by 0x48A1751: doupdate_sp (in /usr/lib/x86_64-linux-gnu/libncursesw.so.6.3)
==881695==    by 0x48956D7: wrefresh (in /usr/lib/x86_64-linux-gnu/libncursesw.so.6.3)
==881695==    by 0x488C867: ??? (in /usr/lib/x86_64-linux-gnu/libncursesw.so.6.3)
==881695==    by 0x488D28A: wgetch (in /usr/lib/x86_64-linux-gnu/libncursesw.so.6.3)
==881695==    by 0x40AC30: InputHandler::read() (in /home/francema/Desktop/ft_shmup/ft_shmup)
==881695==    by 0x40A7BC: Game::handleInput() (in /home/francema/Desktop/ft_shmup/ft_shmup)
==881695==    by 0x40A985: Game::run() (in /home/francema/Desktop/ft_shmup/ft_shmup)
==881695== 
==881695== 168 bytes in 1 blocks are possibly lost in loss record 64 of 91
==881695==    at 0x484DA83: calloc (in /usr/libexec/valgrind/vgpreload_memcheck-amd64-linux.so)
==881695==    by 0x48C7CCD: ??? (in /usr/lib/x86_64-linux-gnu/libtinfo.so.6.3)
==881695==    by 0x48CB098: _nc_tiparm (in /usr/lib/x86_64-linux-gnu/libtinfo.so.6.3)
==881695==    by 0x4881ABB: ??? (in /usr/lib/x86_64-linux-gnu/libncursesw.so.6.3)
==881695==    by 0x48A1751: doupdate_sp (in /usr/lib/x86_64-linux-gnu/libncursesw.so.6.3)
==881695==    by 0x48956D7: wrefresh (in /usr/lib/x86_64-linux-gnu/libncursesw.so.6.3)
==881695==    by 0x488C867: ??? (in /usr/lib/x86_64-linux-gnu/libncursesw.so.6.3)
==881695==    by 0x488D28A: wgetch (in /usr/lib/x86_64-linux-gnu/libncursesw.so.6.3)
==881695==    by 0x40AC30: InputHandler::read() (in /home/francema/Desktop/ft_shmup/ft_shmup)
==881695==    by 0x40A7BC: Game::handleInput() (in /home/francema/Desktop/ft_shmup/ft_shmup)
==881695==    by 0x40A985: Game::run() (in /home/francema/Desktop/ft_shmup/ft_shmup)
==881695==    by 0x402720: main (in /home/francema/Desktop/ft_shmup/ft_shmup)
==881695== 
==881695== 204 bytes in 1 blocks are still reachable in loss record 65 of 91
==881695==    at 0x4848899: malloc (in /usr/libexec/valgrind/vgpreload_memcheck-amd64-linux.so)
==881695==    by 0x48A1DAD: doupdate_sp (in /usr/lib/x86_64-linux-gnu/libncursesw.so.6.3)
==881695==    by 0x40A790: Game::render() (in /home/francema/Desktop/ft_shmup/ft_shmup)
==881695==    by 0x40A997: Game::run() (in /home/francema/Desktop/ft_shmup/ft_shmup)
==881695==    by 0x402720: main (in /home/francema/Desktop/ft_shmup/ft_shmup)
==881695== 
==881695== 296 bytes in 1 blocks are still reachable in loss record 66 of 91
==881695==    at 0x484DA83: calloc (in /usr/libexec/valgrind/vgpreload_memcheck-amd64-linux.so)
==881695==    by 0x488EF65: ??? (in /usr/lib/x86_64-linux-gnu/libncursesw.so.6.3)
==881695==    by 0x488F7E1: newwin_sp (in /usr/lib/x86_64-linux-gnu/libncursesw.so.6.3)
==881695==    by 0x489460E: newterm_sp (in /usr/lib/x86_64-linux-gnu/libncursesw.so.6.3)
==881695==    by 0x48955EC: newterm (in /usr/lib/x86_64-linux-gnu/libncursesw.so.6.3)
==881695==    by 0x488D3AF: initscr (in /usr/lib/x86_64-linux-gnu/libncursesw.so.6.3)
==881695==    by 0x40AD3C: Render::Render() (in /home/francema/Desktop/ft_shmup/ft_shmup)
==881695==    by 0x40A619: Game::Game() (in /home/francema/Desktop/ft_shmup/ft_shmup)
==881695==    by 0x402714: main (in /home/francema/Desktop/ft_shmup/ft_shmup)
==881695== 
==881695== 296 bytes in 1 blocks are still reachable in loss record 67 of 91
==881695==    at 0x484DA83: calloc (in /usr/libexec/valgrind/vgpreload_memcheck-amd64-linux.so)
==881695==    by 0x488EF65: ??? (in /usr/lib/x86_64-linux-gnu/libncursesw.so.6.3)
==881695==    by 0x488F7E1: newwin_sp (in /usr/lib/x86_64-linux-gnu/libncursesw.so.6.3)
==881695==    by 0x4894633: newterm_sp (in /usr/lib/x86_64-linux-gnu/libncursesw.so.6.3)
==881695==    by 0x48955EC: newterm (in /usr/lib/x86_64-linux-gnu/libncursesw.so.6.3)
==881695==    by 0x488D3AF: initscr (in /usr/lib/x86_64-linux-gnu/libncursesw.so.6.3)
==881695==    by 0x40AD3C: Render::Render() (in /home/francema/Desktop/ft_shmup/ft_shmup)
==881695==    by 0x40A619: Game::Game() (in /home/francema/Desktop/ft_shmup/ft_shmup)
==881695==    by 0x402714: main (in /home/francema/Desktop/ft_shmup/ft_shmup)
==881695== 
==881695== 296 bytes in 1 blocks are still reachable in loss record 68 of 91
==881695==    at 0x484DA83: calloc (in /usr/libexec/valgrind/vgpreload_memcheck-amd64-linux.so)
==881695==    by 0x488EF65: ??? (in /usr/lib/x86_64-linux-gnu/libncursesw.so.6.3)
==881695==    by 0x488F7E1: newwin_sp (in /usr/lib/x86_64-linux-gnu/libncursesw.so.6.3)
==881695==    by 0x48947CC: newterm_sp (in /usr/lib/x86_64-linux-gnu/libncursesw.so.6.3)
==881695==    by 0x48955EC: newterm (in /usr/lib/x86_64-linux-gnu/libncursesw.so.6.3)
==881695==    by 0x488D3AF: initscr (in /usr/lib/x86_64-linux-gnu/libncursesw.so.6.3)
==881695==    by 0x40AD3C: Render::Render() (in /home/francema/Desktop/ft_shmup/ft_shmup)
==881695==    by 0x40A619: Game::Game() (in /home/francema/Desktop/ft_shmup/ft_shmup)
==881695==    by 0x402714: main (in /home/francema/Desktop/ft_shmup/ft_shmup)
==881695== 
==881695== 408 bytes in 1 blocks are still reachable in loss record 69 of 91
==881695==    at 0x484DA83: calloc (in /usr/libexec/valgrind/vgpreload_memcheck-amd64-linux.so)
==881695==    by 0x48A2427: doupdate_sp (in /usr/lib/x86_64-linux-gnu/libncursesw.so.6.3)
==881695==    by 0x48956D7: wrefresh (in /usr/lib/x86_64-linux-gnu/libncursesw.so.6.3)
==881695==    by 0x488D137: ??? (in /usr/lib/x86_64-linux-gnu/libncursesw.so.6.3)
==881695==    by 0x488D28A: wgetch (in /usr/lib/x86_64-linux-gnu/libncursesw.so.6.3)
==881695==    by 0x40AC30: InputHandler::read() (in /home/francema/Desktop/ft_shmup/ft_shmup)
==881695==    by 0x40A7BC: Game::handleInput() (in /home/francema/Desktop/ft_shmup/ft_shmup)
==881695==    by 0x40A985: Game::run() (in /home/francema/Desktop/ft_shmup/ft_shmup)
==881695==    by 0x402720: main (in /home/francema/Desktop/ft_shmup/ft_shmup)
==881695== 
==881695== 408 bytes in 1 blocks are still reachable in loss record 70 of 91
==881695==    at 0x484DA83: calloc (in /usr/libexec/valgrind/vgpreload_memcheck-amd64-linux.so)
==881695==    by 0x48A1F3C: doupdate_sp (in /usr/lib/x86_64-linux-gnu/libncursesw.so.6.3)
==881695==    by 0x48956D7: wrefresh (in /usr/lib/x86_64-linux-gnu/libncursesw.so.6.3)
==881695==    by 0x488D137: ??? (in /usr/lib/x86_64-linux-gnu/libncursesw.so.6.3)
==881695==    by 0x488D28A: wgetch (in /usr/lib/x86_64-linux-gnu/libncursesw.so.6.3)
==881695==    by 0x40AC30: InputHandler::read() (in /home/francema/Desktop/ft_shmup/ft_shmup)
==881695==    by 0x40A7BC: Game::handleInput() (in /home/francema/Desktop/ft_shmup/ft_shmup)
==881695==    by 0x40A985: Game::run() (in /home/francema/Desktop/ft_shmup/ft_shmup)
==881695==    by 0x402720: main (in /home/francema/Desktop/ft_shmup/ft_shmup)
==881695== 
==881695== 504 bytes in 21 blocks are still reachable in loss record 71 of 91
==881695==    at 0x484DA83: calloc (in /usr/libexec/valgrind/vgpreload_memcheck-amd64-linux.so)
==881695==    by 0x48C3919: _nc_add_to_try (in /usr/lib/x86_64-linux-gnu/libtinfo.so.6.3)
==881695==    by 0x48D0308: _nc_keypad (in /usr/lib/x86_64-linux-gnu/libtinfo.so.6.3)
==881695==    by 0x40AD62: Render::Render() (in /home/francema/Desktop/ft_shmup/ft_shmup)
==881695==    by 0x40A619: Game::Game() (in /home/francema/Desktop/ft_shmup/ft_shmup)
==881695==    by 0x402714: main (in /home/francema/Desktop/ft_shmup/ft_shmup)
==881695== 
==881695== 512 bytes in 1 blocks are still reachable in loss record 72 of 91
==881695==    at 0x484DA83: calloc (in /usr/libexec/valgrind/vgpreload_memcheck-amd64-linux.so)
==881695==    by 0x4894151: newterm_sp (in /usr/lib/x86_64-linux-gnu/libncursesw.so.6.3)
==881695==    by 0x48955EC: newterm (in /usr/lib/x86_64-linux-gnu/libncursesw.so.6.3)
==881695==    by 0x488D3AF: initscr (in /usr/lib/x86_64-linux-gnu/libncursesw.so.6.3)
==881695==    by 0x40AD3C: Render::Render() (in /home/francema/Desktop/ft_shmup/ft_shmup)
==881695==    by 0x40A619: Game::Game() (in /home/francema/Desktop/ft_shmup/ft_shmup)
==881695==    by 0x402714: main (in /home/francema/Desktop/ft_shmup/ft_shmup)
==881695== 
==881695== 608 bytes in 1 blocks are still reachable in loss record 73 of 91
==881695==    at 0x484DA83: calloc (in /usr/libexec/valgrind/vgpreload_memcheck-amd64-linux.so)
==881695==    by 0x48CF37E: _nc_read_termtype (in /usr/lib/x86_64-linux-gnu/libtinfo.so.6.3)
==881695==    by 0x48CF52A: ??? (in /usr/lib/x86_64-linux-gnu/libtinfo.so.6.3)
==881695==    by 0x48D1C40: ??? (in /usr/lib/x86_64-linux-gnu/libtinfo.so.6.3)
==881695==    by 0x48CF6BB: _nc_read_entry2 (in /usr/lib/x86_64-linux-gnu/libtinfo.so.6.3)
==881695==    by 0x48CF711: ??? (in /usr/lib/x86_64-linux-gnu/libtinfo.so.6.3)
==881695==    by 0x48CF866: _nc_setupterm (in /usr/lib/x86_64-linux-gnu/libtinfo.so.6.3)
==881695==    by 0x4894102: newterm_sp (in /usr/lib/x86_64-linux-gnu/libncursesw.so.6.3)
==881695==    by 0x48955EC: newterm (in /usr/lib/x86_64-linux-gnu/libncursesw.so.6.3)
==881695==    by 0x488D3AF: initscr (in /usr/lib/x86_64-linux-gnu/libncursesw.so.6.3)
==881695==    by 0x40AD3C: Render::Render() (in /home/francema/Desktop/ft_shmup/ft_shmup)
==881695==    by 0x40A619: Game::Game() (in /home/francema/Desktop/ft_shmup/ft_shmup)
==881695== 
==881695== 608 bytes in 1 blocks are still reachable in loss record 74 of 91
==881695==    at 0x4848899: malloc (in /usr/libexec/valgrind/vgpreload_memcheck-amd64-linux.so)
==881695==    by 0x48C4119: ??? (in /usr/lib/x86_64-linux-gnu/libtinfo.so.6.3)
==881695==    by 0x48CF87D: _nc_setupterm (in /usr/lib/x86_64-linux-gnu/libtinfo.so.6.3)
==881695==    by 0x4894102: newterm_sp (in /usr/lib/x86_64-linux-gnu/libncursesw.so.6.3)
==881695==    by 0x48955EC: newterm (in /usr/lib/x86_64-linux-gnu/libncursesw.so.6.3)
==881695==    by 0x488D3AF: initscr (in /usr/lib/x86_64-linux-gnu/libncursesw.so.6.3)
==881695==    by 0x40AD3C: Render::Render() (in /home/francema/Desktop/ft_shmup/ft_shmup)
==881695==    by 0x40A619: Game::Game() (in /home/francema/Desktop/ft_shmup/ft_shmup)
==881695==    by 0x402714: main (in /home/francema/Desktop/ft_shmup/ft_shmup)
==881695== 
==881695== 640 bytes in 1 blocks are still reachable in loss record 75 of 91
==881695==    at 0x484DA83: calloc (in /usr/libexec/valgrind/vgpreload_memcheck-amd64-linux.so)
==881695==    by 0x48830BB: ??? (in /usr/lib/x86_64-linux-gnu/libncursesw.so.6.3)
==881695==    by 0x4883464: start_color_sp (in /usr/lib/x86_64-linux-gnu/libncursesw.so.6.3)
==881695==    by 0x40AD80: Render::Render() (in /home/francema/Desktop/ft_shmup/ft_shmup)
==881695==    by 0x40A619: Game::Game() (in /home/francema/Desktop/ft_shmup/ft_shmup)
==881695==    by 0x402714: main (in /home/francema/Desktop/ft_shmup/ft_shmup)
==881695== 
==881695== 760 bytes in 1 blocks are still reachable in loss record 76 of 91
==881695==    at 0x484DA83: calloc (in /usr/libexec/valgrind/vgpreload_memcheck-amd64-linux.so)
==881695==    by 0x48CF819: _nc_setupterm (in /usr/lib/x86_64-linux-gnu/libtinfo.so.6.3)
==881695==    by 0x4894102: newterm_sp (in /usr/lib/x86_64-linux-gnu/libncursesw.so.6.3)
==881695==    by 0x48955EC: newterm (in /usr/lib/x86_64-linux-gnu/libncursesw.so.6.3)
==881695==    by 0x488D3AF: initscr (in /usr/lib/x86_64-linux-gnu/libncursesw.so.6.3)
==881695==    by 0x40AD3C: Render::Render() (in /home/francema/Desktop/ft_shmup/ft_shmup)
==881695==    by 0x40A619: Game::Game() (in /home/francema/Desktop/ft_shmup/ft_shmup)
==881695==    by 0x402714: main (in /home/francema/Desktop/ft_shmup/ft_shmup)
==881695== 
==881695== 940 bytes in 1 blocks are still reachable in loss record 77 of 91
==881695==    at 0x4848899: malloc (in /usr/libexec/valgrind/vgpreload_memcheck-amd64-linux.so)
==881695==    by 0x48CF287: _nc_read_termtype (in /usr/lib/x86_64-linux-gnu/libtinfo.so.6.3)
==881695==    by 0x48CF52A: ??? (in /usr/lib/x86_64-linux-gnu/libtinfo.so.6.3)
==881695==    by 0x48D1C40: ??? (in /usr/lib/x86_64-linux-gnu/libtinfo.so.6.3)
==881695==    by 0x48CF6BB: _nc_read_entry2 (in /usr/lib/x86_64-linux-gnu/libtinfo.so.6.3)
==881695==    by 0x48CF711: ??? (in /usr/lib/x86_64-linux-gnu/libtinfo.so.6.3)
==881695==    by 0x48CF866: _nc_setupterm (in /usr/lib/x86_64-linux-gnu/libtinfo.so.6.3)
==881695==    by 0x4894102: newterm_sp (in /usr/lib/x86_64-linux-gnu/libncursesw.so.6.3)
==881695==    by 0x48955EC: newterm (in /usr/lib/x86_64-linux-gnu/libncursesw.so.6.3)
==881695==    by 0x488D3AF: initscr (in /usr/lib/x86_64-linux-gnu/libncursesw.so.6.3)
==881695==    by 0x40AD3C: Render::Render() (in /home/francema/Desktop/ft_shmup/ft_shmup)
==881695==    by 0x40A619: Game::Game() (in /home/francema/Desktop/ft_shmup/ft_shmup)
==881695== 
==881695== 1,464 bytes in 61 blocks are still reachable in loss record 78 of 91
==881695==    at 0x484DA83: calloc (in /usr/libexec/valgrind/vgpreload_memcheck-amd64-linux.so)
==881695==    by 0x48C3976: _nc_add_to_try (in /usr/lib/x86_64-linux-gnu/libtinfo.so.6.3)
==881695==    by 0x48D0308: _nc_keypad (in /usr/lib/x86_64-linux-gnu/libtinfo.so.6.3)
==881695==    by 0x40AD62: Render::Render() (in /home/francema/Desktop/ft_shmup/ft_shmup)
==881695==    by 0x40A619: Game::Game() (in /home/francema/Desktop/ft_shmup/ft_shmup)
==881695==    by 0x402714: main (in /home/francema/Desktop/ft_shmup/ft_shmup)
==881695== 
==881695== 1,624 bytes in 1 blocks are still reachable in loss record 79 of 91
==881695==    at 0x484DA83: calloc (in /usr/libexec/valgrind/vgpreload_memcheck-amd64-linux.so)
==881695==    by 0x48C6ACE: new_prescr (in /usr/lib/x86_64-linux-gnu/libtinfo.so.6.3)
==881695==    by 0x48955DB: newterm (in /usr/lib/x86_64-linux-gnu/libncursesw.so.6.3)
==881695==    by 0x488D3AF: initscr (in /usr/lib/x86_64-linux-gnu/libncursesw.so.6.3)
==881695==    by 0x40AD3C: Render::Render() (in /home/francema/Desktop/ft_shmup/ft_shmup)
==881695==    by 0x40A619: Game::Game() (in /home/francema/Desktop/ft_shmup/ft_shmup)
==881695==    by 0x402714: main (in /home/francema/Desktop/ft_shmup/ft_shmup)
==881695== 
==881695== 1,664 bytes in 1 blocks are still reachable in loss record 80 of 91
==881695==    at 0x4848899: malloc (in /usr/libexec/valgrind/vgpreload_memcheck-amd64-linux.so)
==881695==    by 0x48CEACD: _nc_read_termtype (in /usr/lib/x86_64-linux-gnu/libtinfo.so.6.3)
==881695==    by 0x48CF52A: ??? (in /usr/lib/x86_64-linux-gnu/libtinfo.so.6.3)
==881695==    by 0x48D1C40: ??? (in /usr/lib/x86_64-linux-gnu/libtinfo.so.6.3)
==881695==    by 0x48CF6BB: _nc_read_entry2 (in /usr/lib/x86_64-linux-gnu/libtinfo.so.6.3)
==881695==    by 0x48CF711: ??? (in /usr/lib/x86_64-linux-gnu/libtinfo.so.6.3)
==881695==    by 0x48CF866: _nc_setupterm (in /usr/lib/x86_64-linux-gnu/libtinfo.so.6.3)
==881695==    by 0x4894102: newterm_sp (in /usr/lib/x86_64-linux-gnu/libncursesw.so.6.3)
==881695==    by 0x48955EC: newterm (in /usr/lib/x86_64-linux-gnu/libncursesw.so.6.3)
==881695==    by 0x488D3AF: initscr (in /usr/lib/x86_64-linux-gnu/libncursesw.so.6.3)
==881695==    by 0x40AD3C: Render::Render() (in /home/francema/Desktop/ft_shmup/ft_shmup)
==881695==    by 0x40A619: Game::Game() (in /home/francema/Desktop/ft_shmup/ft_shmup)
==881695== 
==881695== 1,680 bytes in 70 blocks are still reachable in loss record 81 of 91
==881695==    at 0x484DA83: calloc (in /usr/libexec/valgrind/vgpreload_memcheck-amd64-linux.so)
==881695==    by 0x48C3919: _nc_add_to_try (in /usr/lib/x86_64-linux-gnu/libtinfo.so.6.3)
==881695==    by 0x48D0212: _nc_keypad (in /usr/lib/x86_64-linux-gnu/libtinfo.so.6.3)
==881695==    by 0x40AD62: Render::Render() (in /home/francema/Desktop/ft_shmup/ft_shmup)
==881695==    by 0x40A619: Game::Game() (in /home/francema/Desktop/ft_shmup/ft_shmup)
==881695==    by 0x402714: main (in /home/francema/Desktop/ft_shmup/ft_shmup)
==881695== 
==881695== 2,208 bytes in 92 blocks are still reachable in loss record 82 of 91
==881695==    at 0x484DA83: calloc (in /usr/libexec/valgrind/vgpreload_memcheck-amd64-linux.so)
==881695==    by 0x48C3976: _nc_add_to_try (in /usr/lib/x86_64-linux-gnu/libtinfo.so.6.3)
==881695==    by 0x48D0212: _nc_keypad (in /usr/lib/x86_64-linux-gnu/libtinfo.so.6.3)
==881695==    by 0x40AD62: Render::Render() (in /home/francema/Desktop/ft_shmup/ft_shmup)
==881695==    by 0x40A619: Game::Game() (in /home/francema/Desktop/ft_shmup/ft_shmup)
==881695==    by 0x402714: main (in /home/francema/Desktop/ft_shmup/ft_shmup)
==881695== 
==881695== 2,438 bytes in 1 blocks are still reachable in loss record 83 of 91
==881695==    at 0x4848899: malloc (in /usr/libexec/valgrind/vgpreload_memcheck-amd64-linux.so)
==881695==    by 0x48942E1: newterm_sp (in /usr/lib/x86_64-linux-gnu/libncursesw.so.6.3)
==881695==    by 0x48955EC: newterm (in /usr/lib/x86_64-linux-gnu/libncursesw.so.6.3)
==881695==    by 0x488D3AF: initscr (in /usr/lib/x86_64-linux-gnu/libncursesw.so.6.3)
==881695==    by 0x40AD3C: Render::Render() (in /home/francema/Desktop/ft_shmup/ft_shmup)
==881695==    by 0x40A619: Game::Game() (in /home/francema/Desktop/ft_shmup/ft_shmup)
==881695==    by 0x402714: main (in /home/francema/Desktop/ft_shmup/ft_shmup)
==881695== 
==881695== 2,448 bytes in 3 blocks are still reachable in loss record 84 of 91
==881695==    at 0x484DA83: calloc (in /usr/libexec/valgrind/vgpreload_memcheck-amd64-linux.so)
==881695==    by 0x48A6492: wresize (in /usr/lib/x86_64-linux-gnu/libncursesw.so.6.3)
==881695==    by 0x48A6B30: ??? (in /usr/lib/x86_64-linux-gnu/libncursesw.so.6.3)
==881695==    by 0x48A6DAA: resize_term_sp (in /usr/lib/x86_64-linux-gnu/libncursesw.so.6.3)
==881695==    by 0x48A84B7: resizeterm_sp (in /usr/lib/x86_64-linux-gnu/libncursesw.so.6.3)
==881695==    by 0x48C6A01: _nc_update_screensize (in /usr/lib/x86_64-linux-gnu/libtinfo.so.6.3)
==881695==    by 0x48A1648: doupdate_sp (in /usr/lib/x86_64-linux-gnu/libncursesw.so.6.3)
==881695==    by 0x40A790: Game::render() (in /home/francema/Desktop/ft_shmup/ft_shmup)
==881695==    by 0x40A997: Game::run() (in /home/francema/Desktop/ft_shmup/ft_shmup)
==881695==    by 0x402720: main (in /home/francema/Desktop/ft_shmup/ft_shmup)
==881695== 
==881695== 2,496 bytes in 1 blocks are still reachable in loss record 85 of 91
==881695==    at 0x4848899: malloc (in /usr/libexec/valgrind/vgpreload_memcheck-amd64-linux.so)
==881695==    by 0x48A1E01: doupdate_sp (in /usr/lib/x86_64-linux-gnu/libncursesw.so.6.3)
==881695==    by 0x40A790: Game::render() (in /home/francema/Desktop/ft_shmup/ft_shmup)
==881695==    by 0x40A997: Game::run() (in /home/francema/Desktop/ft_shmup/ft_shmup)
==881695==    by 0x402720: main (in /home/francema/Desktop/ft_shmup/ft_shmup)
==881695== 
==881695== 3,584 bytes in 1 blocks are still reachable in loss record 86 of 91
==881695==    at 0x484DA83: calloc (in /usr/libexec/valgrind/vgpreload_memcheck-amd64-linux.so)
==881695==    by 0x4895436: newterm_sp (in /usr/lib/x86_64-linux-gnu/libncursesw.so.6.3)
==881695==    by 0x48955EC: newterm (in /usr/lib/x86_64-linux-gnu/libncursesw.so.6.3)
==881695==    by 0x488D3AF: initscr (in /usr/lib/x86_64-linux-gnu/libncursesw.so.6.3)
==881695==    by 0x40AD3C: Render::Render() (in /home/francema/Desktop/ft_shmup/ft_shmup)
==881695==    by 0x40A619: Game::Game() (in /home/francema/Desktop/ft_shmup/ft_shmup)
==881695==    by 0x402714: main (in /home/francema/Desktop/ft_shmup/ft_shmup)
==881695== 
==881695== 3,904 bytes in 1 blocks are still reachable in loss record 87 of 91
==881695==    at 0x484DCD3: realloc (in /usr/libexec/valgrind/vgpreload_memcheck-amd64-linux.so)
==881695==    by 0x48C46CC: _nc_doalloc (in /usr/lib/x86_64-linux-gnu/libtinfo.so.6.3)
==881695==    by 0x48CF1B5: _nc_read_termtype (in /usr/lib/x86_64-linux-gnu/libtinfo.so.6.3)
==881695==    by 0x48CF52A: ??? (in /usr/lib/x86_64-linux-gnu/libtinfo.so.6.3)
==881695==    by 0x48D1C40: ??? (in /usr/lib/x86_64-linux-gnu/libtinfo.so.6.3)
==881695==    by 0x48CF6BB: _nc_read_entry2 (in /usr/lib/x86_64-linux-gnu/libtinfo.so.6.3)
==881695==    by 0x48CF711: ??? (in /usr/lib/x86_64-linux-gnu/libtinfo.so.6.3)
==881695==    by 0x48CF866: _nc_setupterm (in /usr/lib/x86_64-linux-gnu/libtinfo.so.6.3)
==881695==    by 0x4894102: newterm_sp (in /usr/lib/x86_64-linux-gnu/libncursesw.so.6.3)
==881695==    by 0x48955EC: newterm (in /usr/lib/x86_64-linux-gnu/libncursesw.so.6.3)
==881695==    by 0x488D3AF: initscr (in /usr/lib/x86_64-linux-gnu/libncursesw.so.6.3)
==881695==    by 0x40AD3C: Render::Render() (in /home/francema/Desktop/ft_shmup/ft_shmup)
==881695== 
==881695== 3,904 bytes in 1 blocks are still reachable in loss record 88 of 91
==881695==    at 0x4848899: malloc (in /usr/libexec/valgrind/vgpreload_memcheck-amd64-linux.so)
==881695==    by 0x48C3FFF: ??? (in /usr/lib/x86_64-linux-gnu/libtinfo.so.6.3)
==881695==    by 0x48CF87D: _nc_setupterm (in /usr/lib/x86_64-linux-gnu/libtinfo.so.6.3)
==881695==    by 0x4894102: newterm_sp (in /usr/lib/x86_64-linux-gnu/libncursesw.so.6.3)
==881695==    by 0x48955EC: newterm (in /usr/lib/x86_64-linux-gnu/libncursesw.so.6.3)
==881695==    by 0x488D3AF: initscr (in /usr/lib/x86_64-linux-gnu/libncursesw.so.6.3)
==881695==    by 0x40AD3C: Render::Render() (in /home/francema/Desktop/ft_shmup/ft_shmup)
==881695==    by 0x40A619: Game::Game() (in /home/francema/Desktop/ft_shmup/ft_shmup)
==881695==    by 0x402714: main (in /home/francema/Desktop/ft_shmup/ft_shmup)
==881695== 
==881695== 4,336 bytes in 1 blocks are still reachable in loss record 89 of 91
==881695==    at 0x484DCD3: realloc (in /usr/libexec/valgrind/vgpreload_memcheck-amd64-linux.so)
==881695==    by 0x48C46CC: _nc_doalloc (in /usr/lib/x86_64-linux-gnu/libtinfo.so.6.3)
==881695==    by 0x488F3ED: ??? (in /usr/lib/x86_64-linux-gnu/libncursesw.so.6.3)
==881695==    by 0x4895C54: vw_printw (in /usr/lib/x86_64-linux-gnu/libncursesw.so.6.3)
==881695==    by 0x4895F99: mvwprintw (in /usr/lib/x86_64-linux-gnu/libncursesw.so.6.3)
==881695==    by 0x407183: World::renderBackground(_win_st*) (in /home/francema/Desktop/ft_shmup/ft_shmup)
==881695==    by 0x407080: World::render(_win_st*) (in /home/francema/Desktop/ft_shmup/ft_shmup)
==881695==    by 0x40A76D: Game::render() (in /home/francema/Desktop/ft_shmup/ft_shmup)
==881695==    by 0x40A997: Game::run() (in /home/francema/Desktop/ft_shmup/ft_shmup)
==881695==    by 0x402720: main (in /home/francema/Desktop/ft_shmup/ft_shmup)
==881695== 
==881695== 7,168 bytes in 1 blocks are still reachable in loss record 90 of 91
==881695==    at 0x484DA83: calloc (in /usr/libexec/valgrind/vgpreload_memcheck-amd64-linux.so)
==881695==    by 0x48832C4: start_color_sp (in /usr/lib/x86_64-linux-gnu/libncursesw.so.6.3)
==881695==    by 0x40AD80: Render::Render() (in /home/francema/Desktop/ft_shmup/ft_shmup)
==881695==    by 0x40A619: Game::Game() (in /home/francema/Desktop/ft_shmup/ft_shmup)
==881695==    by 0x402714: main (in /home/francema/Desktop/ft_shmup/ft_shmup)
==881695== 
==881695== 359,856 bytes in 153 blocks are still reachable in loss record 91 of 91
==881695==    at 0x4848899: malloc (in /usr/libexec/valgrind/vgpreload_memcheck-amd64-linux.so)
==881695==    by 0x48A663C: wresize (in /usr/lib/x86_64-linux-gnu/libncursesw.so.6.3)
==881695==    by 0x48A6B30: ??? (in /usr/lib/x86_64-linux-gnu/libncursesw.so.6.3)
==881695==    by 0x48A6DAA: resize_term_sp (in /usr/lib/x86_64-linux-gnu/libncursesw.so.6.3)
==881695==    by 0x48A84B7: resizeterm_sp (in /usr/lib/x86_64-linux-gnu/libncursesw.so.6.3)
==881695==    by 0x48C6A01: _nc_update_screensize (in /usr/lib/x86_64-linux-gnu/libtinfo.so.6.3)
==881695==    by 0x48A1648: doupdate_sp (in /usr/lib/x86_64-linux-gnu/libncursesw.so.6.3)
==881695==    by 0x40A790: Game::render() (in /home/francema/Desktop/ft_shmup/ft_shmup)
==881695==    by 0x40A997: Game::run() (in /home/francema/Desktop/ft_shmup/ft_shmup)
==881695==    by 0x402720: main (in /home/francema/Desktop/ft_shmup/ft_shmup)
==881695== 
==881695== LEAK SUMMARY:
==881695==    definitely lost: 0 bytes in 0 blocks
==881695==    indirectly lost: 0 bytes in 0 blocks
==881695==      possibly lost: 736 bytes in 10 blocks
==881695==    still reachable: 408,757 bytes in 475 blocks
==881695==         suppressed: 0 bytes in 0 blocks
==881695== 
==881695== For lists of detected and suppressed errors, rerun with: -s
==881695== ERROR SUMMARY: 10 errors from 10 contexts (suppressed: 0 from 0)
